Component: ARM Compiler 5.06 update 7 (build 960) Tool: armlink [4d3601]

==============================================================================

Section Cross References

    startup_stm32f407xx.o(RESET) refers to startup_stm32f407xx.o(STACK) for __initial_sp
    startup_stm32f407xx.o(RESET) refers to startup_stm32f407xx.o(.text) for Reset_Handler
    startup_stm32f407xx.o(RESET) refers to stm32f4xx_it.o(i.NMI_Handler) for NMI_Handler
    startup_stm32f407xx.o(RESET) refers to stm32f4xx_it.o(i.HardFault_Handler) for HardFault_Handler
    startup_stm32f407xx.o(RESET) refers to stm32f4xx_it.o(i.MemManage_Handler) for MemManage_Handler
    startup_stm32f407xx.o(RESET) refers to stm32f4xx_it.o(i.BusFault_Handler) for BusFault_Handler
    startup_stm32f407xx.o(RESET) refers to stm32f4xx_it.o(i.UsageFault_Handler) for UsageFault_Handler
    startup_stm32f407xx.o(RESET) refers to stm32f4xx_it.o(i.SVC_Handler) for SVC_Handler
    startup_stm32f407xx.o(RESET) refers to stm32f4xx_it.o(i.DebugMon_Handler) for DebugMon_Handler
    startup_stm32f407xx.o(RESET) refers to stm32f4xx_it.o(i.PendSV_Handler) for PendSV_Handler
    startup_stm32f407xx.o(RESET) refers to stm32f4xx_it.o(i.SysTick_Handler) for SysTick_Handler
    startup_stm32f407xx.o(RESET) refers to stm32f4xx_it.o(i.TIM4_IRQHandler) for TIM4_IRQHandler
    startup_stm32f407xx.o(RESET) refers to hmi_user_uart.o(i.USART2_IRQHandler) for USART2_IRQHandler
    startup_stm32f407xx.o(.text) refers to system_stm32f4xx.o(i.SystemInit) for SystemInit
    startup_stm32f407xx.o(.text) refers to entry.o(.ARM.Collect$$$$00000000) for __main
    base.o(i.delay_init) refers to stm32f4xx_hal_cortex.o(i.HAL_SYSTICK_CLKSourceConfig) for HAL_SYSTICK_CLKSourceConfig
    base.o(i.delay_init) refers to base.o(.data) for fac_us
    base.o(i.delay_ms) refers to base.o(i.delay_us) for delay_us
    base.o(i.delay_us) refers to base.o(.data) for fac_us
    fft.o(i.cfft) refers to dfltui.o(.text) for __aeabi_ui2d
    fft.o(i.cfft) refers to log2.o(i.__hardfp_log2) for __hardfp_log2
    fft.o(i.cfft) refers to dfixui.o(.text) for __aeabi_d2uiz
    fft.o(i.cfft) refers to fft.o(.constdata) for costab
    filter.o(i.blackman_window) refers to cosf.o(i.__hardfp_cosf) for __hardfp_cosf
    filter.o(i.calc_FFT) refers to arm_rfft_fast_init_f32.o(.text) for arm_rfft_fast_init_f32
    filter.o(i.calc_FFT) refers to arm_rfft_fast_f32.o(.text) for arm_rfft_fast_f32
    filter.o(i.calc_FFT) refers to arm_cmplx_mag_f32.o(.text) for arm_cmplx_mag_f32
    filter.o(i.calc_FFT) refers to arm_scale_f32.o(.text) for arm_scale_f32
    filter.o(i.calc_FFT) refers to filter.o(.bss) for FFT_Buffer
    filter.o(i.calc_FIR) refers to arm_fir_init_f32.o(.text) for arm_fir_init_f32
    filter.o(i.calc_FIR) refers to arm_fir_f32.o(.text) for arm_fir_f32
    filter.o(i.calc_FIR) refers to filter.o(.constdata) for LowPassFIR
    filter.o(i.calc_FIR) refers to filter.o(.bss) for FIR_State
    filter.o(i.calc_FIR_noW) refers to arm_fir_init_f32.o(.text) for arm_fir_init_f32
    filter.o(i.calc_FIR_noW) refers to arm_fir_f32.o(.text) for arm_fir_f32
    filter.o(i.calc_IIR) refers to arm_biquad_cascade_df1_init_f32.o(.text) for arm_biquad_cascade_df1_init_f32
    filter.o(i.calc_IIR) refers to arm_biquad_cascade_df1_f32.o(.text) for arm_biquad_cascade_df1_f32
    filter.o(i.calc_IIR) refers to filter.o(.bss) for IIR_State
    filter.o(i.calc_IIR) refers to filter.o(.data) for iir_params
    filter.o(i.hamming_window) refers to cosf.o(i.__hardfp_cosf) for __hardfp_cosf
    filter.o(i.hanning_window) refers to cosf.o(i.__hardfp_cosf) for __hardfp_cosf
    wifi.o(i.Wifi_Connect) refers to printfa.o(i.__0sprintf) for __2sprintf
    wifi.o(i.Wifi_Connect) refers to stm32f4xx_hal_uart.o(i.HAL_UART_Transmit) for HAL_UART_Transmit
    wifi.o(i.Wifi_Connect) refers to stm32f4xx_hal_uart.o(i.HAL_UART_Receive) for HAL_UART_Receive
    wifi.o(i.Wifi_Connect) refers to stm32f4xx_hal.o(i.HAL_Delay) for HAL_Delay
    wifi.o(i.Wifi_Connect) refers to strlen.o(.text) for strlen
    wifi.o(i.Wifi_Connect) refers to usart.o(.bss) for huart3
    wifi.o(i.Wifi_Connect) refers to wifi.o(.bss) for echo1
    wifi.o(i.Wifi_Send) refers to printfa.o(i.__0sprintf) for __2sprintf
    wifi.o(i.Wifi_Send) refers to stm32f4xx_hal_uart.o(i.HAL_UART_Transmit) for HAL_UART_Transmit
    wifi.o(i.Wifi_Send) refers to stm32f4xx_hal.o(i.HAL_Delay) for HAL_Delay
    wifi.o(i.Wifi_Send) refers to f2d.o(.text) for __aeabi_f2d
    wifi.o(i.Wifi_Send) refers to usart.o(.bss) for huart3
    wifi.o(i.bee) refers to memseta.o(.text) for __aeabi_memclr4
    wifi.o(i.bee) refers to stm32f4xx_hal_gpio.o(i.HAL_GPIO_Init) for HAL_GPIO_Init
    wifi.o(i.bee) refers to stm32f4xx_hal_gpio.o(i.HAL_GPIO_WritePin) for HAL_GPIO_WritePin
    wifi.o(i.bee) refers to stm32f4xx_hal.o(i.HAL_Delay) for HAL_Delay
    ad9959.o(i.IO_Update) refers to ad9959.o(i.dds_delay) for dds_delay
    ad9959.o(i.Init_AD9959) refers to ad9959.o(i.Intserve) for Intserve
[...]
    i.HAL_NVIC_SetPriority                   0x08001e1c   Section        0  stm32f4xx_hal_cortex.o(i.HAL_NVIC_SetPriority)
    i.HAL_NVIC_SetPriorityGrouping           0x08001e98   Section        0  stm32f4xx_hal_cortex.o(i.HAL_NVIC_SetPriorityGrouping)
    i.HAL_NVIC_SystemReset                   0x08001ec0   Section        0  stm32f4xx_hal_cortex.o(i.HAL_NVIC_SystemReset)
    i.HAL_RCC_ClockConfig                    0x08001f04   Section        0  stm32f4xx_hal_rcc.o(i.HAL_RCC_ClockConfig)
    i.HAL_RCC_GetHCLKFreq                    0x08002088   Section        0  stm32f4xx_hal_rcc.o(i.HAL_RCC_GetHCLKFreq)
    i.HAL_RCC_GetPCLK1Freq                   0x08002094   Section        0  stm32f4xx_hal_rcc.o(i.HAL_RCC_GetPCLK1Freq)
    i.HAL_RCC_GetPCLK2Freq                   0x080020b4   Section        0  stm32f4xx_hal_rcc.o(i.HAL_RCC_GetPCLK2Freq)
    i.HAL_RCC_GetSysClockFreq                0x080020d4   Section        0  stm32f4xx_hal_rcc.o(i.HAL_RCC_GetSysClockFreq)
    i.HAL_RCC_OscConfig                      0x08002184   Section        0  stm32f4xx_hal_rcc.o(i.HAL_RCC_OscConfig)
    i.HAL_SYSTICK_CLKSourceConfig            0x08002620   Section        0  stm32f4xx_hal_cortex.o(i.HAL_SYSTICK_CLKSourceConfig)
    i.HAL_SYSTICK_Config                     0x08002648   Section        0  stm32f4xx_hal_cortex.o(i.HAL_SYSTICK_Config)
    i.HAL_TIMEx_BreakCallback                0x0800267c   Section        0  stm32f4xx_hal_tim_ex.o(i.HAL_TIMEx_BreakCallback)
    i.HAL_TIMEx_CommutCallback               0x0800267e   Section        0  stm32f4xx_hal_tim_ex.o(i.HAL_TIMEx_CommutCallback)
    i.HAL_TIMEx_MasterConfigSynchronization  0x08002680   Section        0  stm32f4xx_hal_tim_ex.o(i.HAL_TIMEx_MasterConfigSynchronization)
    i.HAL_TIM_Base_Init                      0x08002734   Section        0  stm32f4xx_hal_tim.o(i.HAL_TIM_Base_Init)
    i.HAL_TIM_Base_MspInit                   0x0800279c   Section        0  tim.o(i.HAL_TIM_Base_MspInit)
    i.HAL_TIM_Base_Start_IT                  0x080027e4   Section        0  stm32f4xx_hal_tim.o(i.HAL_TIM_Base_Start_IT)
    i.HAL_TIM_Base_Stop_IT                   0x0800288c   Section        0  stm32f4xx_hal_tim.o(i.HAL_TIM_Base_Stop_IT)
    i.HAL_TIM_ConfigClockSource              0x080028ca   Section        0  stm32f4xx_hal_tim.o(i.HAL_TIM_ConfigClockSource)
    i.HAL_TIM_IC_CaptureCallback             0x080029d6   Section        0  stm32f4xx_hal_tim.o(i.HAL_TIM_IC_CaptureCallback)
    i.HAL_TIM_IRQHandler                     0x080029d8   Section        0  stm32f4xx_hal_tim.o(i.HAL_TIM_IRQHandler)
    i.HAL_TIM_OC_DelayElapsedCallback        0x08002b6e   Section        0  stm32f4xx_hal_tim.o(i.HAL_TIM_OC_DelayElapsedCallback)
    i.HAL_TIM_PWM_PulseFinishedCallback      0x08002b70   Section        0  stm32f4xx_hal_tim.o(i.HAL_TIM_PWM_PulseFinishedCallback)
    i.HAL_TIM_PeriodElapsedCallback          0x08002b74   Section        0  main.o(i.HAL_TIM_PeriodElapsedCallback)
    i.HAL_TIM_TriggerCallback                0x08002ba8   Section        0  stm32f4xx_hal_tim.o(i.HAL_TIM_TriggerCallback)
    i.HAL_UARTEx_RxEventCallback             0x08002baa   Section        0  stm32f4xx_hal_uart.o(i.HAL_UARTEx_RxEventCallback)
    i.HAL_UART_ErrorCallback                 0x08002bac   Section        0  stm32f4xx_hal_uart.o(i.HAL_UART_ErrorCallback)
    i.HAL_UART_IRQHandler                    0x08002bb0   Section        0  stm32f4xx_hal_uart.o(i.HAL_UART_IRQHandler)
    i.HAL_UART_Init                          0x08002e90   Section        0  stm32f4xx_hal_uart.o(i.HAL_UART_Init)
    i.HAL_UART_MspInit                       0x08002f04   Section        0  usart.o(i.HAL_UART_MspInit)
    i.HAL_UART_Receive_IT                    0x08003088   Section        0  stm32f4xx_hal_uart.o(i.HAL_UART_Receive_IT)
    i.HAL_UART_RxCpltCallback                0x080030cc   Section        0  hmi_user_uart.o(i.HAL_UART_RxCpltCallback)
    i.HAL_UART_Transmit                      0x08003104   Section        0  stm32f4xx_hal_uart.o(i.HAL_UART_Transmit)
    i.HAL_UART_TxCpltCallback                0x080031d6   Section        0  stm32f4xx_hal_uart.o(i.HAL_UART_TxCpltCallback)
    i.HardFault_Handler                      0x080031d8   Section        0  stm32f4xx_it.o(i.HardFault_Handler)
    i.IO_Update                              0x080031dc   Section        0  ad9959.o(i.IO_Update)
    i.Init_AD9959                            0x08003208   Section        0  ad9959.o(i.Init_AD9959)
    i.IntReset                               0x0800322c   Section        0  ad9959.o(i.IntReset)
    i.Intserve                               0x08003258   Section        0  ad9959.o(i.Intserve)
    i.Lp_or_Hp                               0x080033b4   Section        0  main.o(i.Lp_or_Hp)
    i.MAX262_GPIO_Init                       0x080033e4   Section        0  max262.o(i.MAX262_GPIO_Init)
    i.MAX262_Init                            0x0800346c   Section        0  max262.o(i.MAX262_Init)
    i.MX_DAC_Init                            0x080034c8   Section        0  dac.o(i.MX_DAC_Init)
    i.MX_GPIO_Init                           0x08003504   Section        0  gpio.o(i.MX_GPIO_Init)
    i.MX_TIM4_Init                           0x080036c8   Section        0  tim.o(i.MX_TIM4_Init)
    i.MX_USART1_UART_Init                    0x08003734   Section        0  usart.o(i.MX_USART1_UART_Init)
    i.MX_USART2_UART_Init                    0x0800376c   Section        0  usart.o(i.MX_USART2_UART_Init)
    i.MX_USART3_UART_Init                    0x080037a4   Section        0  usart.o(i.MX_USART3_UART_Init)
    i.MemManage_Handler                      0x080037dc   Section        0  stm32f4xx_it.o(i.MemManage_Handler)
    i.NMI_Handler                            0x080037e0   Section        0  stm32f4xx_it.o(i.NMI_Handler)
    i.NotifyButton                           0x080037e4   Section        0  cmd_process.o(i.NotifyButton)
    i.NotifyMenu                             0x08003804   Section        0  cmd_process.o(i.NotifyMenu)
    i.NotifyMeter                            0x0800380a   Section        0  cmd_process.o(i.NotifyMeter)
    i.NotifyProgress                         0x0800380c   Section        0  cmd_process.o(i.NotifyProgress)
    i.NotifyReadFlash                        0x0800380e   Section        0  cmd_process.o(i.NotifyReadFlash)
    i.NotifyReadRTC                          0x08003810   Section        0  cmd_process.o(i.NotifyReadRTC)
    i.NotifyScreen                           0x08003818   Section        0  cmd_process.o(i.NotifyScreen)
    i.NotifySelector                         0x0800381c   Section        0  cmd_process.o(i.NotifySelector)
    i.NotifySlider                           0x08003850   Section        0  cmd_process.o(i.NotifySlider)
    i.NotifyText                             0x08003854   Section        0  cmd_process.o(i.NotifyText)
    i.NotifyTimer                            0x080038d8   Section        0  cmd_process.o(i.NotifyTimer)
    i.NotifyTouchXY                          0x080038da   Section        0  cmd_process.o(i.NotifyTouchXY)
    i.NotifyWriteFlash                       0x080038dc   Section        0  cmd_process.o(i.NotifyWriteFlash)
    i.Out_LpHp_or_epl                        0x080038e0   Section        0  main.o(i.Out_LpHp_or_epl)
    i.Out_freq                               0x0800390c   Section        0  ad9959.o(i.Out_freq)
    i.Param_Update                           0x08003974   Section        0  hmi_user_uart.o(i.Param_Update)
    i.PendSV_Handler                         0x08003990   Section        0  stm32f4xx_it.o(i.PendSV_Handler)
    i.ProcessMessage                         0x08003994   Section        0  cmd_process.o(i.ProcessMessage)
    i.Qn1                                    0x08003b3c   Section        0  max262.o(i.Qn1)
    i.SVC_Handler                            0x08003b60   Section        0  stm32f4xx_it.o(i.SVC_Handler)
    i.SendChar                               0x08003b64   Section        0  hmi_user_uart.o(i.SendChar)
    i.SendNU8                                0x08003b7c   Section        0  hmi_driver.o(i.SendNU8)
    i.SendStrings                            0x08003b96   Section        0  hmi_driver.o(i.SendStrings)
    i.SetTextValue                           0x08003bac   Section        0  hmi_driver.o(i.SetTextValue)
    i.SetTextValueFloat                      0x08003c00   Section        0  cmd_process.o(i.SetTextValueFloat)
    i.Set_CH_Range_Select                    0x08003c4c   Section        0  ads8688.o(i.Set_CH_Range_Select)
    i.Signal_or_Sweep                        0x08003c5c   Section        0  main.o(i.Signal_or_Sweep)
    i.Sweep_Freq                             0x08003c88   Section        0  main.o(i.Sweep_Freq)
    i.SysTick_Handler                        0x08003ce0   Section        0  stm32f4xx_it.o(i.SysTick_Handler)
    i.SystemClock_Config                     0x08003ce8   Section        0  main.o(i.SystemClock_Config)
    i.SystemInit                             0x08003d9c   Section        0  system_stm32f4xx.o(i.SystemInit)
    i.TFT_Init                               0x08003db0   Section        0  hmi_user_uart.o(i.TFT_Init)
    i.TIM4_IRQHandler                        0x08003dcc   Section        0  stm32f4xx_it.o(i.TIM4_IRQHandler)
    i.TIM_Base_SetConfig                     0x08003ddc   Section        0  stm32f4xx_hal_tim.o(i.TIM_Base_SetConfig)
    i.TIM_ETR_SetConfig                      0x08003eb4   Section        0  stm32f4xx_hal_tim.o(i.TIM_ETR_SetConfig)
    i.TIM_ITRx_SetConfig                     0x08003eca   Section        0  stm32f4xx_hal_tim.o(i.TIM_ITRx_SetConfig)
    TIM_ITRx_SetConfig                       0x08003ecb   Thumb Code    18  stm32f4xx_hal_tim.o(i.TIM_ITRx_SetConfig)
    i.TIM_TI1_ConfigInputStage               0x08003edc   Section        0  stm32f4xx_hal_tim.o(i.TIM_TI1_ConfigInputStage)
    TIM_TI1_ConfigInputStage                 0x08003edd   Thumb Code    38  stm32f4xx_hal_tim.o(i.TIM_TI1_ConfigInputStage)
    i.TIM_TI2_ConfigInputStage               0x08003f02   Section        0  stm32f4xx_hal_tim.o(i.TIM_TI2_ConfigInputStage)
    TIM_TI2_ConfigInputStage                 0x08003f03   Thumb Code    40  stm32f4xx_hal_tim.o(i.TIM_TI2_ConfigInputStage)
    i.Test_or_Next                           0x08003f2c   Section        0  main.o(i.Test_or_Next)
    i.UART_DMAAbortOnError                   0x08003f58   Section        0  stm32f4xx_hal_uart.o(i.UART_DMAAbortOnError)
    UART_DMAAbortOnError                     0x08003f59   Thumb Code    20  stm32f4xx_hal_uart.o(i.UART_DMAAbortOnError)
    i.UART_EndRxTransfer                     0x08003f6c   Section        0  stm32f4xx_hal_uart.o(i.UART_EndRxTransfer)
    UART_EndRxTransfer                       0x08003f6d   Thumb Code   108  stm32f4xx_hal_uart.o(i.UART_EndRxTransfer)
    i.UART_EndTransmit_IT                    0x08003fd8   Section        0  stm32f4xx_hal_uart.o(i.UART_EndTransmit_IT)
    UART_EndTransmit_IT                      0x08003fd9   Thumb Code    32  stm32f4xx_hal_uart.o(i.UART_EndTransmit_IT)
    i.UART_Receive_IT                        0x08003ff8   Section        0  stm32f4xx_hal_uart.o(i.UART_Receive_IT)
    UART_Receive_IT                          0x08003ff9   Thumb Code   248  stm32f4xx_hal_uart.o(i.UART_Receive_IT)
    i.UART_SetConfig                         0x080040f0   Section        0  stm32f4xx_hal_uart.o(i.UART_SetConfig)
    UART_SetConfig                           0x080040f1   Thumb Code   546  stm32f4xx_hal_uart.o(i.UART_SetConfig)
    i.UART_Start_Receive_IT                  0x0800431c   Section        0  stm32f4xx_hal_uart.o(i.UART_Start_Receive_IT)
    i.UART_Transmit_IT                       0x08004366   Section        0  stm32f4xx_hal_uart.o(i.UART_Transmit_IT)
    UART_Transmit_IT                         0x08004367   Thumb Code    96  stm32f4xx_hal_uart.o(i.UART_Transmit_IT)
    i.UART_WaitOnFlagUntilTimeout            0x080043c6   Section        0  stm32f4xx_hal_uart.o(i.UART_WaitOnFlagUntilTimeout)
    UART_WaitOnFlagUntilTimeout              0x080043c7   Thumb Code   146  stm32f4xx_hal_uart.o(i.UART_WaitOnFlagUntilTimeout)
    i.USART2_IRQHandler                      0x08004458   Section        0  hmi_user_uart.o(i.USART2_IRQHandler)
    i.UsageFault_Handler                     0x08004474   Section        0  stm32f4xx_it.o(i.UsageFault_Handler)
    i.WriteData_AD9959                       0x08004478   Section        0  ad9959.o(i.WriteData_AD9959)
    i.Write_Amplitude                        0x08004548   Section        0  ad9959.o(i.Write_Amplitude)
    i.Write_frequence                        0x080045e8   Section        0  ad9959.o(i.Write_frequence)
    i.__0snprintf                            0x080046c4   Section        0  printfa.o(i.__0snprintf)
    i.__NVIC_GetPriorityGrouping             0x080046f8   Section        0  stm32f4xx_hal_cortex.o(i.__NVIC_GetPriorityGrouping)
    __NVIC_GetPriorityGrouping               0x080046f9   Thumb Code    10  stm32f4xx_hal_cortex.o(i.__NVIC_GetPriorityGrouping)
    i.__NVIC_SetPriority                     0x08004708   Section        0  stm32f4xx_hal_cortex.o(i.__NVIC_SetPriority)
    __NVIC_SetPriority                       0x08004709   Thumb Code    32  stm32f4xx_hal_cortex.o(i.__NVIC_SetPriority)
    i.__hardfp_atof                          0x08004730   Section        0  atof.o(i.__hardfp_atof)
    i.__read_errno                           0x08004768   Section        0  errno.o(i.__read_errno)
    i.__scatterload_copy                     0x08004774   Section       14  handlers.o(i.__scatterload_copy)
    i.__scatterload_null                     0x08004782   Section        2  handlers.o(i.__scatterload_null)
    i.__scatterload_zeroinit                 0x08004784   Section       14  handlers.o(i.__scatterload_zeroinit)
    i.__set_errno                            0x08004794   Section        0  errno.o(i.__set_errno)
    i._fp_digits                             0x080047a0   Section        0  printfa.o(i._fp_digits)
    _fp_digits                               0x080047a1   Thumb Code   366  printfa.o(i._fp_digits)
    i._is_digit                              0x08004924   Section        0  scanf_fp.o(i._is_digit)
    i._printf_core                           0x08004934   Section        0  printfa.o(i._printf_core)
    _printf_core                             0x08004935   Thumb Code  1704  printfa.o(i._printf_core)
    i._printf_post_padding                   0x08004fe8   Section        0  printfa.o(i._printf_post_padding)
    _printf_post_padding                     0x08004fe9   Thumb Code    36  printfa.o(i._printf_post_padding)
    i._printf_pre_padding                    0x0800500c   Section        0  printfa.o(i._printf_pre_padding)
    _printf_pre_padding                      0x0800500d   Thumb Code    46  printfa.o(i._printf_pre_padding)
    i._snputc                                0x0800503a   Section        0  printfa.o(i._snputc)
    _snputc                                  0x0800503b   Thumb Code    22  printfa.o(i._snputc)
    i.bee                                    0x08005050   Section        0  wifi.o(i.bee)
    i.ctrl_amplifier                         0x080050b8   Section        0  main.o(i.ctrl_amplifier)
    i.dds_delay                              0x080050e4   Section        0  ad9959.o(i.dds_delay)
    i.delay_init                             0x080050f8   Section        0  base.o(i.delay_init)
    i.delay_ms                               0x0800510c   Section        0  base.o(i.delay_ms)
    i.delay_ns                               0x08005124   Section        0  base.o(i.delay_ns)
    i.delay_us                               0x08005130   Section        0  base.o(i.delay_us)
    i.getAD_allch                            0x08005178   Section        0  main.o(i.getAD_allch)
    i.get_AD_result                          0x080051cc   Section        0  main.o(i.get_AD_result)
    i.main                                   0x08005214   Section        0  main.o(i.main)
    i.queue_find_cmd                         0x080052bc   Section        0  cmd_queue.o(i.queue_find_cmd)
    i.queue_pop                              0x08005340   Section        0  cmd_queue.o(i.queue_pop)
    queue_pop                                0x08005341   Thumb Code    48  cmd_queue.o(i.queue_pop)
    i.queue_push                             0x08005374   Section        0  cmd_queue.o(i.queue_push)
    i.queue_reset                            0x080053a4   Section        0  cmd_queue.o(i.queue_reset)
    i.queue_size                             0x080053c4   Section        0  cmd_queue.o(i.queue_size)
    queue_size                               0x080053c5   Thumb Code    30  cmd_queue.o(i.queue_size)
    i.setCutoff                              0x080053e8   Section        0  main.o(i.setCutoff)
    i.setFilterMode                          0x08005460   Section        0  main.o(i.setFilterMode)
    i.showGraph                              0x08005498   Section        0  main.o(i.showGraph)
    i.softReset                              0x08005584   Section        0  main.o(i.softReset)
    .constdata                               0x0800558c   Section       24  system_stm32f4xx.o(.constdata)
    .constdata                               0x080055a4   Section       64  ctype_c.o(.constdata)
    .data                                    0x20000000   Section        1  base.o(.data)
    fac_us                                   0x20000000   Data           1  base.o(.data)
    .data                                    0x20000004   Section      516  ad9959.o(.data)
    freq_before                              0x20000204   Data           4  ad9959.o(.data)
    .data                                    0x20000208   Section      248  main.o(.data)
    .data                                    0x20000300   Section        9  stm32f4xx_hal.o(.data)
    .data                                    0x2000030c   Section        4  system_stm32f4xx.o(.data)
    .data                                    0x20000310   Section        8  cmd_process.o(.data)
    .data                                    0x20000318   Section        6  cmd_queue.o(.data)
    cmd_state                                0x20000318   Data           4  cmd_queue.o(.data)
    cmd_pos                                  0x2000031c   Data           2  cmd_queue.o(.data)
    .data                                    0x2000031e   Section        1  hmi_user_uart.o(.data)
    .data                                    0x20000320   Section        4  errno.o(.data)
    _errno                                   0x20000320   Data           4  errno.o(.data)
    .bss                                     0x20000324   Section       20  ad9959.o(.bss)
    .bss                                     0x20000338   Section     1045  main.o(.bss)
    .bss                                     0x20000750   Section       20  dac.o(.bss)
    .bss                                     0x20000764   Section       72  tim.o(.bss)
    .bss                                     0x200007ac   Section      204  usart.o(.bss)
    .bss                                     0x20000878   Section       53  cmd_process.o(.bss)
    .bss                                     0x200008ae   Section      516  cmd_queue.o(.bss)
    que                                      0x200008ae   Data         516  cmd_queue.o(.bss)
    STACK                                    0x20000ab8   Section     2048  startup_stm32f407xx.o(STACK)

    Global Symbols

    Symbol Name                              Value     Ov Type        Size  Object(Section)

    BuildAttributes$$THM_ISAv4$E$P$D$K$B$S$7EM$VFPi3$EXTD16$VFPS$VFMA$PE$A:L22UL41UL21$X:L11$S22US41US21$IEEE1$IW$USESV6$~STKCKD$USESV7$~SHL$OTIME$ROPI$IEEEX$EBA8$MICROLIB$REQ8$PRES8$EABIv2 0x00000000   Number         0  anon$$obj.o ABSOLUTE
    __ARM_use_no_argv                        0x00000000   Number         0  main.o ABSOLUTE
    _printf_a                                0x00000000   Number         0  stubs.o ABSOLUTE
    _printf_c                                0x00000000   Number         0  stubs.o ABSOLUTE
    _printf_charcount                        0x00000000   Number         0  stubs.o ABSOLUTE
    _printf_d                                0x00000000   Number         0  stubs.o ABSOLUTE
    _printf_e                                0x00000000   Number         0  stubs.o ABSOLUTE
    _printf_f                                0x00000000   Number         0  stubs.o ABSOLUTE
    _printf_flags                            0x00000000   Number         0  stubs.o ABSOLUTE
    _printf_fp_dec                           0x00000000   Number         0  stubs.o ABSOLUTE
    _printf_fp_hex                           0x00000000   Number         0  stubs.o ABSOLUTE
    _printf_g                                0x00000000   Number         0  stubs.o ABSOLUTE
    _printf_i                                0x00000000   Number         0  stubs.o ABSOLUTE
    _printf_int_dec                          0x00000000   Number         0  stubs.o ABSOLUTE
    _printf_l                                0x00000000   Number         0  stubs.o ABSOLUTE
    _printf_lc                               0x00000000   Number         0  stubs.o ABSOLUTE
    _printf_ll                               0x00000000   Number         0  stubs.o ABSOLUTE
    _printf_lld                              0x00000000   Number         0  stubs.o ABSOLUTE
    _printf_lli                              0x00000000   Number         0  stubs.o ABSOLUTE
    _printf_llo                              0x00000000   Number         0  stubs.o ABSOLUTE
    _printf_llu                              0x00000000   Number         0  stubs.o ABSOLUTE
    _printf_llx                              0x00000000   Number         0  stubs.o ABSOLUTE
    _printf_longlong_dec                     0x00000000   Number         0  stubs.o ABSOLUTE
    _printf_longlong_hex                     0x00000000   Number         0  stubs.o ABSOLUTE
    _printf_longlong_oct                     0x00000000   Number         0  stubs.o ABSOLUTE
    _printf_ls                               0x00000000   Number         0  stubs.o ABSOLUTE
    _printf_mbtowc                           0x00000000   Number         0  stubs.o ABSOLUTE
    _printf_n                                0x00000000   Number         0  stubs.o ABSOLUTE
    _printf_o                                0x00000000   Number         0  stubs.o ABSOLUTE
    _printf_p                                0x00000000   Number         0  stubs.o ABSOLUTE
    _printf_percent                          0x00000000   Number         0  stubs.o ABSOLUTE
    _printf_pre_padding                      0x00000000   Number         0  stubs.o ABSOLUTE
    _printf_return_value                     0x00000000   Number         0  stubs.o ABSOLUTE
    _printf_s                                0x00000000   Number         0  stubs.o ABSOLUTE
    _printf_sizespec                         0x00000000   Number         0  stubs.o ABSOLUTE
    _printf_str                              0x00000000   Number         0  stubs.o ABSOLUTE
    _printf_truncate_signed                  0x00000000   Number         0  stubs.o ABSOLUTE
    _printf_truncate_unsigned                0x00000000   Number         0  stubs.o ABSOLUTE
    _printf_u                                0x00000000   Number         0  stubs.o ABSOLUTE
    _printf_wc                               0x00000000   Number         0  stubs.o ABSOLUTE
    _printf_wctomb                           0x00000000   Number         0  stubs.o ABSOLUTE
    _printf_widthprec                        0x00000000   Number         0  stubs.o ABSOLUTE
    _printf_x                                0x00000000   Number         0  stubs.o ABSOLUTE
    __arm_fini_                               - Undefined Weak Reference
    __cpp_initialize__aeabi_                  - Undefined Weak Reference
    __cxa_finalize                            - Undefined Weak Reference
    _clock_init                               - Undefined Weak Reference
    _microlib_exit                            - Undefined Weak Reference
    __Vectors_Size                           0x00000188   Number         0  startup_stm32f407xx.o ABSOLUTE
    __Vectors                                0x08000000   Data           4  startup_stm32f407xx.o(RESET)
    __Vectors_End                            0x08000188   Data           0  startup_stm32f407xx.o(RESET)
    __main                                   0x08000189   Thumb Code     0  entry.o(.ARM.Collect$$$$00000000)
    _main_stk                                0x08000189   Thumb Code     0  entry2.o(.ARM.Collect$$$$00000001)
    _main_scatterload                        0x0800018d   Thumb Code     0  entry5.o(.ARM.Collect$$$$00000004)
    __main_after_scatterload                 0x08000191   Thumb Code     0  entry5.o(.ARM.Collect$$$$00000004)
    _main_clock                              0x08000191   Thumb Code     0  entry7b.o(.ARM.Collect$$$$00000008)
    _main_cpp_init                           0x08000191   Thumb Code     0  entry8b.o(.ARM.Collect$$$$0000000A)
    _main_init                               0x08000191   Thumb Code     0  entry9a.o(.ARM.Collect$$$$0000000B)
    __rt_lib_shutdown_fini                   0x08000199   Thumb Code     0  entry12b.o(.ARM.Collect$$$$0000000E)
    __rt_final_cpp                           0x0800019d   Thumb Code     0  entry10a.o(.ARM.Collect$$$$0000000F)
    __rt_final_exit                          0x0800019d   Thumb Code     0  entry11a.o(.ARM.Collect$$$$00000011)
    Reset_Handler                            0x080001a1   Thumb Code     8  startup_stm32f407xx.o(.text)
    ADC_IRQHandler                           0x080001bb   Thumb Code     0  startup_stm32f407xx.o(.text)
    CAN1_RX0_IRQHandler                      0x080001bb   Thumb Code     0  startup_stm32f407xx.o(.text)
    CAN1_RX1_IRQHandler                      0x080001bb   Thumb Code     0  startup_stm32f407xx.o(.text)
    CAN1_SCE_IRQHandler                      0x080001bb   Thumb Code     0  startup_stm32f407xx.o(.text)
    CAN1_TX_IRQHandler                       0x080001bb   Thumb Code     0  startup_stm32f407xx.o(.text)
    CAN2_RX0_IRQHandler                      0x080001bb   Thumb Code     0  startup_stm32f407xx.o(.text)
    CAN2_RX1_IRQHandler                      0x080001bb   Thumb Code     0  startup_stm32f407xx.o(.text)
    CAN2_SCE_IRQHandler                      0x080001bb   Thumb Code     0  startup_stm32f407xx.o(.text)
    CAN2_TX_IRQHandler                       0x080001bb   Thumb Code     0  startup_stm32f407xx.o(.text)
    DCMI_IRQHandler                          0x080001bb   Thumb Code     0  startup_stm32f407xx.o(.text)
    DMA1_Stream0_IRQHandler                  0x080001bb   Thumb Code     0  startup_stm32f407xx.o(.text)
    DMA1_Stream1_IRQHandler                  0x080001bb   Thumb Code     0  startup_stm32f407xx.o(.text)
    DMA1_Stream2_IRQHandler                  0x080001bb   Thumb Code     0  startup_stm32f407xx.o(.text)
    DMA1_Stream3_IRQHandler                  0x080001bb   Thumb Code     0  startup_stm32f407xx.o(.text)
    DMA1_Stream4_IRQHandler                  0x080001bb   Thumb Code     0  startup_stm32f407xx.o(.text)
    DMA1_Stream5_IRQHandler                  0x080001bb   Thumb Code     0  startup_stm32f407xx.o(.text)
    DMA1_Stream6_IRQHandler                  0x080001bb   Thumb Code     0  startup_stm32f407xx.o(.text)
    DMA1_Stream7_IRQHandler                  0x080001bb   Thumb Code     0  startup_stm32f407xx.o(.text)
    DMA2_Stream0_IRQHandler                  0x080001bb   Thumb Code     0  startup_stm32f407xx.o(.text)
    DMA2_Stream1_IRQHandler                  0x080001bb   Thumb Code     0  startup_stm32f407xx.o(.text)
    DMA2_Stream2_IRQHandler                  0x080001bb   Thumb Code     0  startup_stm32f407xx.o(.text)
    DMA2_Stream3_IRQHandler                  0x080001bb   Thumb Code     0  startup_stm32f407xx.o(.text)
    DMA2_Stream4_IRQHandler                  0x080001bb   Thumb Code     0  startup_stm32f407xx.o(.text)
    DMA2_Stream5_IRQHandler                  0x080001bb   Thumb Code     0  startup_stm32f407xx.o(.text)
    DMA2_Stream6_IRQHandler                  0x080001bb   Thumb Code     0  startup_stm32f407xx.o(.text)
    DMA2_Stream7_IRQHandler                  0x080001bb   Thumb Code     0  startup_stm32f407xx.o(.text)
    ETH_IRQHandler                           0x080001bb   Thumb Code     0  startup_stm32f407xx.o(.text)
    ETH_WKUP_IRQHandler                      0x080001bb   Thumb Code     0  startup_stm32f407xx.o(.text)
    EXTI0_IRQHandler                         0x080001bb   Thumb Code     0  startup_stm32f407xx.o(.text)
    EXTI15_10_IRQHandler                     0x080001bb   Thumb Code     0  startup_stm32f407xx.o(.text)
    EXTI1_IRQHandler                         0x080001bb   Thumb Code     0  startup_stm32f407xx.o(.text)
    EXTI2_IRQHandler                         0x080001bb   Thumb Code     0  startup_stm32f407xx.o(.text)
    EXTI3_IRQHandler                         0x080001bb   Thumb Code     0  startup_stm32f407xx.o(.text)
    EXTI4_IRQHandler                         0x080001bb   Thumb Code     0  startup_stm32f407xx.o(.text)
    EXTI9_5_IRQHandler                       0x080001bb   Thumb Code     0  startup_stm32f407xx.o(.text)
    FLASH_IRQHandler                         0x080001bb   Thumb Code     0  startup_stm32f407xx.o(.text)
    FMC_IRQHandler                           0x080001bb   Thumb Code     0  startup_stm32f407xx.o(.text)
    FPU_IRQHandler                           0x080001bb   Thumb Code     0  startup_stm32f407xx.o(.text)
    HASH_RNG_IRQHandler                      0x080001bb   Thumb Code     0  startup_stm32f407xx.o(.text)
    I2C1_ER_IRQHandler                       0x080001bb   Thumb Code     0  startup_stm32f407xx.o(.text)
    I2C1_EV_IRQHandler                       0x080001bb   Thumb Code     0  startup_stm32f407xx.o(.text)
    I2C2_ER_IRQHandler                       0x080001bb   Thumb Code     0  startup_stm32f407xx.o(.text)
    I2C2_EV_IRQHandler                       0x080001bb   Thumb Code     0  startup_stm32f407xx.o(.text)
    I2C3_ER_IRQHandler                       0x080001bb   Thumb Code     0  startup_stm32f407xx.o(.text)
    I2C3_EV_IRQHandler                       0x080001bb   Thumb Code     0  startup_stm32f407xx.o(.text)
    OTG_FS_IRQHandler                        0x080001bb   Thumb Code     0  startup_stm32f407xx.o(.text)
    OTG_FS_WKUP_IRQHandler                   0x080001bb   Thumb Code     0  startup_stm32f407xx.o(.text)
    OTG_HS_EP1_IN_IRQHandler                 0x080001bb   Thumb Code     0  startup_stm32f407xx.o(.text)
    OTG_HS_EP1_OUT_IRQHandler                0x080001bb   Thumb Code     0  startup_stm32f407xx.o(.text)
    OTG_HS_IRQHandler                        0x080001bb   Thumb Code     0  startup_stm32f407xx.o(.text)
    OTG_HS_WKUP_IRQHandler                   0x080001bb   Thumb Code     0  startup_stm32f407xx.o(.text)
    PVD_IRQHandler                           0x080001bb   Thumb Code     0  startup_stm32f407xx.o(.text)
    RCC_IRQHandler                           0x080001bb   Thumb Code     0  startup_stm32f407xx.o(.text)
    RTC_Alarm_IRQHandler                     0x080001bb   Thumb Code     0  startup_stm32f407xx.o(.text)
    RTC_WKUP_IRQHandler                      0x080001bb   Thumb Code     0  startup_stm32f407xx.o(.text)
    SDIO_IRQHandler                          0x080001bb   Thumb Code     0  startup_stm32f407xx.o(.text)
    SPI1_IRQHandler                          0x080001bb   Thumb Code     0  startup_stm32f407xx.o(.text)
    SPI2_IRQHandler                          0x080001bb   Thumb Code     0  startup_stm32f407xx.o(.text)
    SPI3_IRQHandler                          0x080001bb   Thumb Code     0  startup_stm32f407xx.o(.text)
    TAMP_STAMP_IRQHandler                    0x080001bb   Thumb Code     0  startup_stm32f407xx.o(.text)
    TIM1_BRK_TIM9_IRQHandler                 0x080001bb   Thumb Code     0  startup_stm32f407xx.o(.text)
    TIM1_CC_IRQHandler                       0x080001bb   Thumb Code     0  startup_stm32f407xx.o(.text)
    TIM1_TRG_COM_TIM11_IRQHandler            0x080001bb   Thumb Code     0  startup_stm32f407xx.o(.text)
    TIM1_UP_TIM10_IRQHandler                 0x080001bb   Thumb Code     0  startup_stm32f407xx.o(.text)
    TIM2_IRQHandler                          0x080001bb   Thumb Code     0  startup_stm32f407xx.o(.text)
    TIM3_IRQHandler                          0x080001bb   Thumb Code     0  startup_stm32f407xx.o(.text)
    TIM5_IRQHandler                          0x080001bb   Thumb Code     0  startup_stm32f407xx.o(.text)
    TIM6_DAC_IRQHandler                      0x080001bb   Thumb Code     0  startup_stm32f407xx.o(.text)
    TIM7_IRQHandler                          0x080001bb   Thumb Code     0  startup_stm32f407xx.o(.text)
    TIM8_BRK_TIM12_IRQHandler                0x080001bb   Thumb Code     0  startup_stm32f407xx.o(.text)
    TIM8_CC_IRQHandler                       0x080001bb   Thumb Code     0  startup_stm32f407xx.o(.text)
    TIM8_TRG_COM_TIM14_IRQHandler            0x080001bb   Thumb Code     0  startup_stm32f407xx.o(.text)
    TIM8_UP_TIM13_IRQHandler                 0x080001bb   Thumb Code     0  startup_stm32f407xx.o(.text)
    UART4_IRQHandler                         0x080001bb   Thumb Code     0  startup_stm32f407xx.o(.text)
    UART5_IRQHandler                         0x080001bb   Thumb Code     0  startup_stm32f407xx.o(.text)
    USART1_IRQHandler                        0x080001bb   Thumb Code     0  startup_stm32f407xx.o(.text)
    USART3_IRQHandler                        0x080001bb   Thumb Code     0  startup_stm32f407xx.o(.text)
    USART6_IRQHandler                        0x080001bb   Thumb Code     0  startup_stm32f407xx.o(.text)
    WWDG_IRQHandler                          0x080001bb   Thumb Code     0  startup_stm32f407xx.o(.text)
    arm_scale_f32                            0x080001c5   Thumb Code   152  arm_scale_f32.o(.text)
    arm_max_f32                              0x0800025d   Thumb Code   216  arm_max_f32.o(.text)
    arm_mean_f32                             0x08000335   Thumb Code   138  arm_mean_f32.o(.text)
    __aeabi_uldivmod                         0x080003c5   Thumb Code    98  uldiv.o(.text)
    __aeabi_memset                           0x08000427   Thumb Code    14  memseta.o(.text)
    __aeabi_memset4                          0x08000427   Thumb Code     0  memseta.o(.text)
    __aeabi_memset8                          0x08000427   Thumb Code     0  memseta.o(.text)
    __aeabi_memclr                           0x08000435   Thumb Code     4  memseta.o(.text)
    __aeabi_memclr4                          0x08000435   Thumb Code     0  memseta.o(.text)
    __aeabi_memclr8                          0x08000435   Thumb Code     0  memseta.o(.text)
    _memset$wrapper                          0x08000439   Thumb Code    18  memseta.o(.text)
    __aeabi_dmul                             0x0800044b   Thumb Code   228  dmul.o(.text)
    __aeabi_ddiv                             0x0800052f   Thumb Code   222  ddiv.o(.text)
    __aeabi_ui2d                             0x0800060d   Thumb Code    26  dfltui.o(.text)
    __aeabi_d2uiz                            0x08000627   Thumb Code    50  dfixui.o(.text)
    __aeabi_f2d                              0x08000659   Thumb Code    38  f2d.o(.text)
    __aeabi_d2f                              0x0800067f   Thumb Code    56  d2f.o(.text)
    __aeabi_uidiv                            0x080006b7   Thumb Code     0  uidiv.o(.text)
    __aeabi_uidivmod                         0x080006b7   Thumb Code    44  uidiv.o(.text)
    __aeabi_llsl                             0x080006e3   Thumb Code    30  llshl.o(.text)
    _ll_shift_l                              0x080006e3   Thumb Code     0  llshl.o(.text)
    __aeabi_llsr                             0x08000701   Thumb Code    32  llushr.o(.text)
    _ll_ushift_r                             0x08000701   Thumb Code     0  llushr.o(.text)
    __strtod_int                             0x08000757   Thumb Code    90  strtod.o(.text)
    __I$use$fp                               0x080007bd   Thumb Code     0  iusefp.o(.text)
    _float_round                             0x080007bd   Thumb Code    18  fepilogue.o(.text)
    _float_epilogue                          0x080007cf   Thumb Code    92  fepilogue.o(.text)
    _double_round                            0x0800082b   Thumb Code    30  depilogue.o(.text)
    _double_epilogue                         0x08000849   Thumb Code   156  depilogue.o(.text)
    __aeabi_dadd                             0x080008e5   Thumb Code   322  dadd.o(.text)
    __aeabi_dsub                             0x08000a27   Thumb Code     6  dadd.o(.text)
    __aeabi_drsub                            0x08000a2d   Thumb Code     6  dadd.o(.text)
    __aeabi_d2ulz                            0x08000a33   Thumb Code    48  dfixul.o(.text)
    __aeabi_cdrcmple                         0x08000a65   Thumb Code    48  cdrcmple.o(.text)
    __scatterload                            0x08000a95   Thumb Code    28  init.o(.text)
    __scatterload_rt2                        0x08000a95   Thumb Code     0  init.o(.text)
    __aeabi_lasr                             0x08000ab9   Thumb Code    36  llsshr.o(.text)
    _ll_sshift_r                             0x08000ab9   Thumb Code     0  llsshr.o(.text)
    isspace                                  0x08000add   Thumb Code    10  isspace_c.o(.text)
    _scanf_real                              0x08000c11   Thumb Code     0  scanf_fp.o(.text)
    _scanf_really_real                       0x08000c11   Thumb Code   556  scanf_fp.o(.text)
    _sgetc                                   0x08000e49   Thumb Code    30  _sgetc.o(.text)
    _sbackspace                              0x08000e67   Thumb Code    34  _sgetc.o(.text)
    __ctype_lookup                           0x08000e89   Thumb Code    34  ctype_c.o(.text)
    __aeabi_ul2d                             0x08000eb1   Thumb Code    24  dfltul.o(.text)
    __decompress                             0x08000ec9   Thumb Code     0  __dczerorl2.o(.text)
    __decompress1                            0x08000ec9   Thumb Code    86  __dczerorl2.o(.text)
    ADS8688_Init_Mult                        0x08000f21   Thumb Code    90  ads8688.o(i.ADS8688_Init_Mult)
    ADS8688_READ_Program_Register            0x08000f81   Thumb Code    50  ads8688.o(i.ADS8688_READ_Program_Register)
    ADS8688_SPI_RB                           0x08000fb9   Thumb Code    64  ads8688.o(i.ADS8688_SPI_RB)
    ADS8688_SPI_WB                           0x08000ffd   Thumb Code    82  ads8688.o(i.ADS8688_SPI_WB)
    ADS8688_WriteCommandReg                  0x08001055   Thumb Code    38  ads8688.o(i.ADS8688_WriteCommandReg)
    ADS8688_Write_Program_Register           0x08001081   Thumb Code    46  ads8688.o(i.ADS8688_Write_Program_Register)
    AD_arr_Init                              0x080010b5   Thumb Code    34  main.o(i.AD_arr_Init)
    AUTO_RST_Mode                            0x080010e5   Thumb Code    12  ads8688.o(i.AUTO_RST_Mode)
    BusFault_Handler                         0x080010f1   Thumb Code     4  stm32f4xx_it.o(i.BusFault_Handler)
    DebugMon_Handler                         0x080010f5   Thumb Code     2  stm32f4xx_it.o(i.DebugMon_Handler)
    Enter_RESET_MODE                         0x080010f7   Thumb Code    12  ads8688.o(i.Enter_RESET_MODE)
    Error_Handler                            0x08001103   Thumb Code     6  main.o(i.Error_Handler)
    Filter1                                  0x08001109   Thumb Code   342  max262.o(i.Filter1)
    Filter2                                  0x0800126d   Thumb Code   362  max262.o(i.Filter2)
    Filter3                                  0x080013e5   Thumb Code   360  max262.o(i.Filter3)
    Filter4                                  0x0800155d   Thumb Code   360  max262.o(i.Filter4)
    Filter_Init                              0x080016d5   Thumb Code    74  main.o(i.Filter_Init)
    Fn1                                      0x08001731   Thumb Code     4  max262.o(i.Fn1)
    Get_AUTO_RST_Mode_Data                   0x08001735   Thumb Code    84  ads8688.o(i.Get_AUTO_RST_Mode_Data)
    GraphChannelDataAdd                      0x0800178d   Thumb Code   110  hmi_driver.o(i.GraphChannelDataAdd)
    GraphChannelDataClear                    0x080017fb   Thumb Code    82  hmi_driver.o(i.GraphChannelDataClear)
    HAL_DAC_ConfigChannel                    0x0800184d   Thumb Code    98  stm32f4xx_hal_dac.o(i.HAL_DAC_ConfigChannel)
    HAL_DAC_Init                             0x080018af   Thumb Code    40  stm32f4xx_hal_dac.o(i.HAL_DAC_Init)
    HAL_DAC_MspInit                          0x080018d9   Thumb Code   114  dac.o(i.HAL_DAC_MspInit)
    HAL_DAC_SetValue                         0x08001959   Thumb Code    44  stm32f4xx_hal_dac.o(i.HAL_DAC_SetValue)
    HAL_DAC_Start                            0x08001985   Thumb Code   120  stm32f4xx_hal_dac.o(i.HAL_DAC_Start)
    HAL_DMA_Abort                            0x080019fd   Thumb Code   172  stm32f4xx_hal_dma.o(i.HAL_DMA_Abort)
    HAL_DMA_Abort_IT                         0x08001aa9   Thumb Code    40  stm32f4xx_hal_dma.o(i.HAL_DMA_Abort_IT)
    HAL_Delay                                0x08001ad1   Thumb Code    36  stm32f4xx_hal.o(i.HAL_Delay)
    HAL_GPIO_Init                            0x08001af9   Thumb Code   454  stm32f4xx_hal_gpio.o(i.HAL_GPIO_Init)
    HAL_GPIO_ReadPin                         0x08001ced   Thumb Code    16  stm32f4xx_hal_gpio.o(i.HAL_GPIO_ReadPin)
    HAL_GPIO_WritePin                        0x08001cfd   Thumb Code    12  stm32f4xx_hal_gpio.o(i.HAL_GPIO_WritePin)
    HAL_GetTick                              0x08001d09   Thumb Code     6  stm32f4xx_hal.o(i.HAL_GetTick)
    HAL_IncTick                              0x08001d15   Thumb Code    16  stm32f4xx_hal.o(i.HAL_IncTick)
    HAL_Init                                 0x08001d2d   Thumb Code    54  stm32f4xx_hal.o(i.HAL_Init)
    HAL_InitTick                             0x08001d69   Thumb Code    64  stm32f4xx_hal.o(i.HAL_InitTick)
    HAL_MspInit                              0x08001db5   Thumb Code    68  stm32f4xx_hal_msp.o(i.HAL_MspInit)
    HAL_NVIC_EnableIRQ                       0x08001dfd   Thumb Code    32  stm32f4xx_hal_cortex.o(i.HAL_NVIC_EnableIRQ)
    HAL_NVIC_SetPriority                     0x08001e1d   Thumb Code   124  stm32f4xx_hal_cortex.o(i.HAL_NVIC_SetPriority)
    HAL_NVIC_SetPriorityGrouping             0x08001e99   Thumb Code    32  stm32f4xx_hal_cortex.o(i.HAL_NVIC_SetPriorityGrouping)
    HAL_NVIC_SystemReset                     0x08001ec1   Thumb Code    60  stm32f4xx_hal_cortex.o(i.HAL_NVIC_SystemReset)
    HAL_RCC_ClockConfig                      0x08001f05   Thumb Code   368  stm32f4xx_hal_rcc.o(i.HAL_RCC_ClockConfig)
    HAL_RCC_GetHCLKFreq                      0x08002089   Thumb Code     6  stm32f4xx_hal_rcc.o(i.HAL_RCC_GetHCLKFreq)
    HAL_RCC_GetPCLK1Freq                     0x08002095   Thumb Code    22  stm32f4xx_hal_rcc.o(i.HAL_RCC_GetPCLK1Freq)
    HAL_RCC_GetPCLK2Freq                     0x080020b5   Thumb Code    22  stm32f4xx_hal_rcc.o(i.HAL_RCC_GetPCLK2Freq)
    HAL_RCC_GetSysClockFreq                  0x080020d5   Thumb Code   162  stm32f4xx_hal_rcc.o(i.HAL_RCC_GetSysClockFreq)
    HAL_RCC_OscConfig                        0x08002185   Thumb Code  1172  stm32f4xx_hal_rcc.o(i.HAL_RCC_OscConfig)
    HAL_SYSTICK_CLKSourceConfig              0x08002621   Thumb Code    40  stm32f4xx_hal_cortex.o(i.HAL_SYSTICK_CLKSourceConfig)
    HAL_SYSTICK_Config                       0x08002649   Thumb Code    52  stm32f4xx_hal_cortex.o(i.HAL_SYSTICK_Config)
    HAL_TIMEx_BreakCallback                  0x0800267d   Thumb Code     2  stm32f4xx_hal_tim_ex.o(i.HAL_TIMEx_BreakCallback)
    HAL_TIMEx_CommutCallback                 0x0800267f   Thumb Code     2  stm32f4xx_hal_tim_ex.o(i.HAL_TIMEx_CommutCallback)
    HAL_TIMEx_MasterConfigSynchronization    0x08002681   Thumb Code   150  stm32f4xx_hal_tim_ex.o(i.HAL_TIMEx_MasterConfigSynchronization)
    HAL_TIM_Base_Init                        0x08002735   Thumb Code   102  stm32f4xx_hal_tim.o(i.HAL_TIM_Base_Init)
    HAL_TIM_Base_MspInit                     0x0800279d   Thumb Code    62  tim.o(i.HAL_TIM_Base_MspInit)
    HAL_TIM_Base_Start_IT                    0x080027e5   Thumb Code   138  stm32f4xx_hal_tim.o(i.HAL_TIM_Base_Start_IT)
    HAL_TIM_Base_Stop_IT                     0x0800288d   Thumb Code    62  stm32f4xx_hal_tim.o(i.HAL_TIM_Base_Stop_IT)
    HAL_TIM_ConfigClockSource                0x080028cb   Thumb Code   268  stm32f4xx_hal_tim.o(i.HAL_TIM_ConfigClockSource)
    HAL_TIM_IC_CaptureCallback               0x080029d7   Thumb Code     2  stm32f4xx_hal_tim.o(i.HAL_TIM_IC_CaptureCallback)
    HAL_TIM_IRQHandler                       0x080029d9   Thumb Code   406  stm32f4xx_hal_tim.o(i.HAL_TIM_IRQHandler)
    HAL_TIM_OC_DelayElapsedCallback          0x08002b6f   Thumb Code     2  stm32f4xx_hal_tim.o(i.HAL_TIM_OC_DelayElapsedCallback)
    HAL_TIM_PWM_PulseFinishedCallback        0x08002b71   Thumb Code     2  stm32f4xx_hal_tim.o(i.HAL_TIM_PWM_PulseFinishedCallback)
    HAL_TIM_PeriodElapsedCallback            0x08002b75   Thumb Code    40  main.o(i.HAL_TIM_PeriodElapsedCallback)
    HAL_TIM_TriggerCallback                  0x08002ba9   Thumb Code     2  stm32f4xx_hal_tim.o(i.HAL_TIM_TriggerCallback)
    HAL_UARTEx_RxEventCallback               0x08002bab   Thumb Code     2  stm32f4xx_hal_uart.o(i.HAL_UARTEx_RxEventCallback)
    HAL_UART_ErrorCallback                   0x08002bad   Thumb Code     2  stm32f4xx_hal_uart.o(i.HAL_UART_ErrorCallback)
    HAL_UART_IRQHandler                      0x08002bb1   Thumb Code   732  stm32f4xx_hal_uart.o(i.HAL_UART_IRQHandler)
    HAL_UART_Init                            0x08002e91   Thumb Code   114  stm32f4xx_hal_uart.o(i.HAL_UART_Init)
    HAL_UART_MspInit                         0x08002f05   Thumb Code   362  usart.o(i.HAL_UART_MspInit)
    HAL_UART_Receive_IT                      0x08003089   Thumb Code    66  stm32f4xx_hal_uart.o(i.HAL_UART_Receive_IT)
    HAL_UART_RxCpltCallback                  0x080030cd   Thumb Code    42  hmi_user_uart.o(i.HAL_UART_RxCpltCallback)
    HAL_UART_Transmit                        0x08003105   Thumb Code   210  stm32f4xx_hal_uart.o(i.HAL_UART_Transmit)
    HAL_UART_TxCpltCallback                  0x080031d7   Thumb Code     2  stm32f4xx_hal_uart.o(i.HAL_UART_TxCpltCallback)
    HardFault_Handler                        0x080031d9   Thumb Code     4  stm32f4xx_it.o(i.HardFault_Handler)
    IO_Update                                0x080031dd   Thumb Code    36  ad9959.o(i.IO_Update)
    Init_AD9959                              0x08003209   Thumb Code    30  ad9959.o(i.Init_AD9959)
    IntReset                                 0x0800322d   Thumb Code    36  ad9959.o(i.IntReset)
    Intserve                                 0x08003259   Thumb Code   308  ad9959.o(i.Intserve)
    Lp_or_Hp                                 0x080033b5   Thumb Code    40  main.o(i.Lp_or_Hp)
    MAX262_GPIO_Init                         0x080033e5   Thumb Code   124  max262.o(i.MAX262_GPIO_Init)
    MAX262_Init                              0x0800346d   Thumb Code    78  max262.o(i.MAX262_Init)
    MX_DAC_Init                              0x080034c9   Thumb Code    52  dac.o(i.MX_DAC_Init)
    MX_GPIO_Init                             0x08003505   Thumb Code   428  gpio.o(i.MX_GPIO_Init)
    MX_TIM4_Init                             0x080036c9   Thumb Code   100  tim.o(i.MX_TIM4_Init)
    MX_USART1_UART_Init                      0x08003735   Thumb Code    46  usart.o(i.MX_USART1_UART_Init)
    MX_USART2_UART_Init                      0x0800376d   Thumb Code    46  usart.o(i.MX_USART2_UART_Init)
    MX_USART3_UART_Init                      0x080037a5   Thumb Code    46  usart.o(i.MX_USART3_UART_Init)
    MemManage_Handler                        0x080037dd   Thumb Code     4  stm32f4xx_it.o(i.MemManage_Handler)
    NMI_Handler                              0x080037e1   Thumb Code     4  stm32f4xx_it.o(i.NMI_Handler)
    NotifyButton                             0x080037e5   Thumb Code    28  cmd_process.o(i.NotifyButton)
    NotifyMenu                               0x08003805   Thumb Code     6  cmd_process.o(i.NotifyMenu)
    NotifyMeter                              0x0800380b   Thumb Code     2  cmd_process.o(i.NotifyMeter)
    NotifyProgress                           0x0800380d   Thumb Code     2  cmd_process.o(i.NotifyProgress)
    NotifyReadFlash                          0x0800380f   Thumb Code     2  cmd_process.o(i.NotifyReadFlash)
    NotifyReadRTC                            0x08003811   Thumb Code     8  cmd_process.o(i.NotifyReadRTC)
    NotifyScreen                             0x08003819   Thumb Code     2  cmd_process.o(i.NotifyScreen)
    NotifySelector                           0x0800381d   Thumb Code    46  cmd_process.o(i.NotifySelector)
    NotifySlider                             0x08003851   Thumb Code     2  cmd_process.o(i.NotifySlider)
    NotifyText                               0x08003855   Thumb Code   124  cmd_process.o(i.NotifyText)
    NotifyTimer                              0x080038d9   Thumb Code     2  cmd_process.o(i.NotifyTimer)
    NotifyTouchXY                            0x080038db   Thumb Code     2  cmd_process.o(i.NotifyTouchXY)
    NotifyWriteFlash                         0x080038dd   Thumb Code     2  cmd_process.o(i.NotifyWriteFlash)
    Out_LpHp_or_epl                          0x080038e1   Thumb Code    36  main.o(i.Out_LpHp_or_epl)
    Out_freq                                 0x0800390d   Thumb Code    92  ad9959.o(i.Out_freq)
    Param_Update                             0x08003975   Thumb Code    24  hmi_user_uart.o(i.Param_Update)
    PendSV_Handler                           0x08003991   Thumb Code     2  stm32f4xx_it.o(i.PendSV_Handler)
    ProcessMessage                           0x08003995   Thumb Code   420  cmd_process.o(i.ProcessMessage)
    Qn1                                      0x08003b3d   Thumb Code    28  max262.o(i.Qn1)
    SVC_Handler                              0x08003b61   Thumb Code     2  stm32f4xx_it.o(i.SVC_Handler)
    SendChar                                 0x08003b65   Thumb Code    18  hmi_user_uart.o(i.SendChar)
    SendNU8                                  0x08003b7d   Thumb Code    26  hmi_driver.o(i.SendNU8)
    SendStrings                              0x08003b97   Thumb Code    22  hmi_driver.o(i.SendStrings)
    SetTextValue                             0x08003bad   Thumb Code    82  hmi_driver.o(i.SetTextValue)
    SetTextValueFloat                        0x08003c01   Thumb Code    68  cmd_process.o(i.SetTextValueFloat)
    Set_CH_Range_Select                      0x08003c4d   Thumb Code    16  ads8688.o(i.Set_CH_Range_Select)
    Signal_or_Sweep                          0x08003c5d   Thumb Code    36  main.o(i.Signal_or_Sweep)
    Sweep_Freq                               0x08003c89   Thumb Code    74  main.o(i.Sweep_Freq)
    SysTick_Handler                          0x08003ce1   Thumb Code     8  stm32f4xx_it.o(i.SysTick_Handler)
    SystemClock_Config                       0x08003ce9   Thumb Code   170  main.o(i.SystemClock_Config)
    SystemInit                               0x08003d9d   Thumb Code    14  system_stm32f4xx.o(i.SystemInit)
    TFT_Init                                 0x08003db1   Thumb Code    18  hmi_user_uart.o(i.TFT_Init)
    TIM4_IRQHandler                          0x08003dcd   Thumb Code    10  stm32f4xx_it.o(i.TIM4_IRQHandler)
    TIM_Base_SetConfig                       0x08003ddd   Thumb Code   170  stm32f4xx_hal_tim.o(i.TIM_Base_SetConfig)
    TIM_ETR_SetConfig                        0x08003eb5   Thumb Code    22  stm32f4xx_hal_tim.o(i.TIM_ETR_SetConfig)
    Test_or_Next                             0x08003f2d   Thumb Code    36  main.o(i.Test_or_Next)
    UART_Start_Receive_IT                    0x0800431d   Thumb Code    74  stm32f4xx_hal_uart.o(i.UART_Start_Receive_IT)
    USART2_IRQHandler                        0x08004459   Thumb Code    20  hmi_user_uart.o(i.USART2_IRQHandler)
    UsageFault_Handler                       0x08004475   Thumb Code     4  stm32f4xx_it.o(i.UsageFault_Handler)
    WriteData_AD9959                         0x08004479   Thumb Code   198  ad9959.o(i.WriteData_AD9959)
    Write_Amplitude                          0x08004549   Thumb Code   144  ad9959.o(i.Write_Amplitude)
    Write_frequence                          0x080045e9   Thumb Code   196  ad9959.o(i.Write_frequence)
    __0snprintf                              0x080046c5   Thumb Code    48  printfa.o(i.__0snprintf)
    __1snprintf                              0x080046c5   Thumb Code     0  printfa.o(i.__0snprintf)
    __2snprintf                              0x080046c5   Thumb Code     0  printfa.o(i.__0snprintf)
    __c89snprintf                            0x080046c5   Thumb Code     0  printfa.o(i.__0snprintf)
    snprintf                                 0x080046c5   Thumb Code     0  printfa.o(i.__0snprintf)
    __hardfp_atof                            0x08004731   Thumb Code    44  atof.o(i.__hardfp_atof)
    __read_errno                             0x08004769   Thumb Code     6  errno.o(i.__read_errno)
    __scatterload_copy                       0x08004775   Thumb Code    14  handlers.o(i.__scatterload_copy)
    __scatterload_null                       0x08004783   Thumb Code     2  handlers.o(i.__scatterload_null)
    __scatterload_zeroinit                   0x08004785   Thumb Code    14  handlers.o(i.__scatterload_zeroinit)
    __set_errno                              0x08004795   Thumb Code     6  errno.o(i.__set_errno)
    _is_digit                                0x08004925   Thumb Code    14  scanf_fp.o(i._is_digit)
    bee                                      0x08005051   Thumb Code    96  wifi.o(i.bee)
    ctrl_amplifier                           0x080050b9   Thumb Code    32  main.o(i.ctrl_amplifier)
    dds_delay                                0x080050e5   Thumb Code    18  ad9959.o(i.dds_delay)
    delay_init                               0x080050f9   Thumb Code    16  base.o(i.delay_init)
    delay_ms                                 0x0800510d   Thumb Code    24  base.o(i.delay_ms)
    delay_ns                                 0x08005125   Thumb Code    12  base.o(i.delay_ns)
    delay_us                                 0x08005131   Thumb Code    68  base.o(i.delay_us)
    getAD_allch                              0x08005179   Thumb Code    76  main.o(i.getAD_allch)
    get_AD_result                            0x080051cd   Thumb Code    56  main.o(i.get_AD_result)
    main                                     0x08005215   Thumb Code   164  main.o(i.main)
    queue_find_cmd                           0x080052bd   Thumb Code   122  cmd_queue.o(i.queue_find_cmd)
    queue_push                               0x08005375   Thumb Code    44  cmd_queue.o(i.queue_push)
    queue_reset                              0x080053a5   Thumb Code    18  cmd_queue.o(i.queue_reset)
    setCutoff                                0x080053e9   Thumb Code   104  main.o(i.setCutoff)
    setFilterMode                            0x08005461   Thumb Code    48  main.o(i.setFilterMode)
    showGraph                                0x08005499   Thumb Code   216  main.o(i.showGraph)
    softReset                                0x08005585   Thumb Code     8  main.o(i.softReset)
    AHBPrescTable                            0x0800558c   Data          16  system_stm32f4xx.o(.constdata)
    APBPrescTable                            0x0800559c   Data           8  system_stm32f4xx.o(.constdata)
    __ctype_categories                       0x080055a4   Data          64  ctype_c.o(.constdata)
    Region$$Table$$Base                      0x080055e4   Number         0  anon$$obj.o(Region$$Table)
    Region$$Table$$Limit                     0x08005604   Number         0  anon$$obj.o(Region$$Table)
    Amp_Freq9V                               0x20000004   Data         244  ad9959.o(.data)
    Amp_Freq5V                               0x200000f8   Data         244  ad9959.o(.data)
    CSR_DATA0                                0x200001ec   Data           1  ad9959.o(.data)
    CSR_DATA1                                0x200001ed   Data           1  ad9959.o(.data)
    CSR_DATA2                                0x200001ee   Data           1  ad9959.o(.data)
    CSR_DATA3                                0x200001ef   Data           1  ad9959.o(.data)
    FR2_DATA                                 0x200001f0   Data           2  ad9959.o(.data)
    CFR_DATA                                 0x200001f2   Data           3  ad9959.o(.data)
    CPOW0_DATA                               0x200001f5   Data           2  ad9959.o(.data)
    LSRR_DATA                                0x200001f7   Data           2  ad9959.o(.data)
    RDW_DATA                                 0x200001f9   Data           4  ad9959.o(.data)
    FDW_DATA                                 0x200001fd   Data           4  ad9959.o(.data)
    pAD_arr                                  0x20000208   Data           4  main.o(.data)
    pAD_arr_end                              0x2000020c   Data           4  main.o(.data)
    pAD_arr_c                                0x20000210   Data           4  main.o(.data)
    pAD_arr_c_end                            0x20000214   Data           4  main.o(.data)
    pDataGraph                               0x20000218   Data           4  main.o(.data)
    ctrl_dac                                 0x2000021c   Data          28  main.o(.data)
    hp_arr                                   0x20000238   Data         200  main.o(.data)
    uwTick                                   0x20000300   Data           4  stm32f4xx_hal.o(.data)
    uwTickPrio                               0x20000304   Data           4  stm32f4xx_hal.o(.data)
    uwTickFreq                               0x20000308   Data           1  stm32f4xx_hal.o(.data)
    SystemCoreClock                          0x2000030c   Data           4  system_stm32f4xx.o(.data)
    Lp_Q_Value                               0x20000310   Data           4  cmd_process.o(.data)
    Hp_Q_Value                               0x20000314   Data           4  cmd_process.o(.data)
    buffer                                   0x2000031e   Data           1  hmi_user_uart.o(.data)
    sweepfreq                                0x20000324   Data          20  ad9959.o(.bss)
    sweep_points                             0x20000338   Data          84  main.o(.bss)
    AD_arr                                   0x2000038c   Data         168  main.o(.bss)
    FFT_result                               0x20000434   Data         168  main.o(.bss)
    FFT_INPUT                                0x200004dc   Data          84  main.o(.bss)
    AD_arr_c                                 0x20000530   Data         336  main.o(.bss)
    FFT_result_c                             0x20000680   Data         168  main.o(.bss)
    ad_result                                0x20000728   Data          16  main.o(.bss)
    dataGraph                                0x20000738   Data          21  main.o(.bss)
    hdac                                     0x20000750   Data          20  dac.o(.bss)
    htim4                                    0x20000764   Data          72  tim.o(.bss)
    huart1                                   0x200007ac   Data          68  usart.o(.bss)
    huart2                                   0x200007f0   Data          68  usart.o(.bss)
    huart3                                   0x20000834   Data          68  usart.o(.bss)
    my_Filter1                               0x20000878   Data          28  cmd_process.o(.bss)
    cmd_buffer                               0x20000894   Data          25  cmd_process.o(.bss)
    __initial_sp                             0x200012b8   Data           0  startup_stm32f407xx.o(STACK)



==============================================================================

Memory Map of the image

  Image Entry point : 0x08000189

  Load Region LR_IROM1 (Base: 0x08000000, Size: 0x00005928, Max: 0x00200000, ABSOLUTE, COMPRESSED[0x000058d4])

    Execution Region ER_IROM1 (Exec base: 0x08000000, Load base: 0x08000000, Size: 0x00005604, Max: 0x00200000, ABSOLUTE)

    Exec Addr    Load Addr    Size         Type   Attr      Idx    E Section Name        Object

    0x08000000   0x08000000   0x00000188   Data   RO            3    RESET               startup_stm32f407xx.o
    0x08000188   0x08000188   0x00000000   Code   RO         5191  * .ARM.Collect$$$$00000000  mc_w.l(entry.o)
    0x08000188   0x08000188   0x00000004   Code   RO         5535    .ARM.Collect$$$$00000001  mc_w.l(entry2.o)
    0x0800018c   0x0800018c   0x00000004   Code   RO         5538    .ARM.Collect$$$$00000004  mc_w.l(entry5.o)
    0x08000190   0x08000190   0x00000000   Code   RO         5540    .ARM.Collect$$$$00000008  mc_w.l(entry7b.o)
    0x08000190   0x08000190   0x00000000   Code   RO         5542    .ARM.Collect$$$$0000000A  mc_w.l(entry8b.o)
    0x08000190   0x08000190   0x00000008   Code   RO         5543    .ARM.Collect$$$$0000000B  mc_w.l(entry9a.o)
    0x08000198   0x08000198   0x00000004   Code   RO         5550    .ARM.Collect$$$$0000000E  mc_w.l(entry12b.o)
    0x0800019c   0x0800019c   0x00000000   Code   RO         5545    .ARM.Collect$$$$0000000F  mc_w.l(entry10a.o)
    0x0800019c   0x0800019c   0x00000000   Code   RO         5547    .ARM.Collect$$$$00000011  mc_w.l(entry11a.o)
    0x0800019c   0x0800019c   0x00000004   Code   RO         5536    .ARM.Collect$$$$00002712  mc_w.l(entry2.o)
    0x080001a0   0x080001a0   0x00000024   Code   RO            4    .text               startup_stm32f407xx.o
    0x080001c4   0x080001c4   0x00000098   Code   RO         4738    .text               arm_cortexM4lf_math.lib(arm_scale_f32.o)
    0x0800025c   0x0800025c   0x000000d8   Code   RO         4960    .text               arm_cortexM4lf_math.lib(arm_max_f32.o)
    0x08000334   0x08000334   0x00000090   Code   RO         4984    .text               arm_cortexM4lf_math.lib(arm_mean_f32.o)
    0x080003c4   0x080003c4   0x00000062   Code   RO         5194    .text               mc_w.l(uldiv.o)
    0x08000426   0x08000426   0x00000024   Code   RO         5196    .text               mc_w.l(memseta.o)
    0x0800044a   0x0800044a   0x000000e4   Code   RO         5461    .text               mf_w.l(dmul.o)
    0x0800052e   0x0800052e   0x000000de   Code   RO         5463    .text               mf_w.l(ddiv.o)
    0x0800060c   0x0800060c   0x0000001a   Code   RO         5465    .text               mf_w.l(dfltui.o)
    0x08000626   0x08000626   0x00000032   Code   RO         5467    .text               mf_w.l(dfixui.o)
    0x08000658   0x08000658   0x00000026   Code   RO         5469    .text               mf_w.l(f2d.o)
    0x0800067e   0x0800067e   0x00000038   Code   RO         5471    .text               mf_w.l(d2f.o)
    0x080006b6   0x080006b6   0x0000002c   Code   RO         5552    .text               mc_w.l(uidiv.o)
    0x080006e2   0x080006e2   0x0000001e   Code   RO         5554    .text               mc_w.l(llshl.o)
    0x08000700   0x08000700   0x00000020   Code   RO         5556    .text               mc_w.l(llushr.o)
    0x08000720   0x08000720   0x0000009c   Code   RO         5565    .text               mc_w.l(strtod.o)
    0x080007bc   0x080007bc   0x00000000   Code   RO         5567    .text               mc_w.l(iusefp.o)
    0x080007bc   0x080007bc   0x0000006e   Code   RO         5568    .text               mf_w.l(fepilogue.o)
    0x0800082a   0x0800082a   0x000000ba   Code   RO         5570    .text               mf_w.l(depilogue.o)
    0x080008e4   0x080008e4   0x0000014e   Code   RO         5572    .text               mf_w.l(dadd.o)
    0x08000a32   0x08000a32   0x00000030   Code   RO         5582    .text               mf_w.l(dfixul.o)
    0x08000a62   0x08000a62   0x00000002   PAD
    0x08000a64   0x08000a64   0x00000030   Code   RO         5586    .text               mf_w.l(cdrcmple.o)
    0x08000a94   0x08000a94   0x00000024   Code   RO         5588    .text               mc_w.l(init.o)
    0x08000ab8   0x08000ab8   0x00000024   Code   RO         5590    .text               mc_w.l(llsshr.o)
    0x08000adc   0x08000adc   0x0000000a   Code   RO         5592    .text               mc_w.l(isspace_c.o)
    0x08000ae6   0x08000ae6   0x00000002   PAD
    0x08000ae8   0x08000ae8   0x00000360   Code   RO         5594    .text               mc_w.l(scanf_fp.o)
    0x08000e48   0x08000e48   0x00000040   Code   RO         5598    .text               mc_w.l(_sgetc.o)
    0x08000e88   0x08000e88   0x00000028   Code   RO         5600    .text               mc_w.l(ctype_c.o)
    0x08000eb0   0x08000eb0   0x00000018   Code   RO         5603    .text               mf_w.l(dfltul.o)
    0x08000ec8   0x08000ec8   0x00000056   Code   RO         5613    .text               mc_w.l(__dczerorl2.o)
    0x08000f1e   0x08000f1e   0x00000002   PAD
    0x08000f20   0x08000f20   0x00000060   Code   RO          538    i.ADS8688_Init_Mult  ads8688.o
    0x08000f80   0x08000f80   0x00000038   Code   RO          540    i.ADS8688_READ_Program_Register  ads8688.o
    0x08000fb8   0x08000fb8   0x00000044   Code   RO          541    i.ADS8688_SPI_RB    ads8688.o
    0x08000ffc   0x08000ffc   0x00000058   Code   RO          542    i.ADS8688_SPI_WB    ads8688.o
    0x08001054   0x08001054   0x0000002c   Code   RO          543    i.ADS8688_WriteCommandReg  ads8688.o
    0x08001080   0x08001080   0x00000034   Code   RO          544    i.ADS8688_Write_Program_Register  ads8688.o
    0x080010b4   0x080010b4   0x00000030   Code   RO          666    i.AD_arr_Init       main.o
    0x080010e4   0x080010e4   0x0000000c   Code   RO          546    i.AUTO_RST_Mode     ads8688.o
    0x080010f0   0x080010f0   0x00000004   Code   RO         1014    i.BusFault_Handler  stm32f4xx_it.o
    0x080010f4   0x080010f4   0x00000002   Code   RO         1015    i.DebugMon_Handler  stm32f4xx_it.o
    0x080010f6   0x080010f6   0x0000000c   Code   RO          547    i.Enter_RESET_MODE  ads8688.o
    0x08001102   0x08001102   0x00000006   Code   RO          667    i.Error_Handler     main.o
    0x08001108   0x08001108   0x00000164   Code   RO          449    i.Filter1           max262.o
    0x0800126c   0x0800126c   0x00000178   Code   RO          450    i.Filter2           max262.o
    0x080013e4   0x080013e4   0x00000178   Code   RO          451    i.Filter3           max262.o
    0x0800155c   0x0800155c   0x00000178   Code   RO          452    i.Filter4           max262.o
    0x080016d4   0x080016d4   0x0000005c   Code   RO          668    i.Filter_Init       main.o
    0x08001730   0x08001730   0x00000004   Code   RO          453    i.Fn1               max262.o
    0x08001734   0x08001734   0x00000058   Code   RO          548    i.Get_AUTO_RST_Mode_Data  ads8688.o
    0x0800178c   0x0800178c   0x0000006e   Code   RO         4175    i.GraphChannelDataAdd  hmi_driver.o
    0x080017fa   0x080017fa   0x00000052   Code   RO         4176    i.GraphChannelDataClear  hmi_driver.o
    0x0800184c   0x0800184c   0x00000062   Code   RO         1120    i.HAL_DAC_ConfigChannel  stm32f4xx_hal_dac.o
    0x080018ae   0x080018ae   0x00000028   Code   RO         1130    i.HAL_DAC_Init      stm32f4xx_hal_dac.o
    0x080018d6   0x080018d6   0x00000002   PAD
    0x080018d8   0x080018d8   0x00000080   Code   RO          871    i.HAL_DAC_MspInit   dac.o
    0x08001958   0x08001958   0x0000002c   Code   RO         1133    i.HAL_DAC_SetValue  stm32f4xx_hal_dac.o
    0x08001984   0x08001984   0x00000078   Code   RO         1134    i.HAL_DAC_Start     stm32f4xx_hal_dac.o
    0x080019fc   0x080019fc   0x000000ac   Code   RO         1864    i.HAL_DMA_Abort     stm32f4xx_hal_dma.o
    0x08001aa8   0x08001aa8   0x00000028   Code   RO         1865    i.HAL_DMA_Abort_IT  stm32f4xx_hal_dma.o
    0x08001ad0   0x08001ad0   0x00000028   Code   RO         2288    i.HAL_Delay         stm32f4xx_hal.o
    0x08001af8   0x08001af8   0x000001f4   Code   RO         1757    i.HAL_GPIO_Init     stm32f4xx_hal_gpio.o
    0x08001cec   0x08001cec   0x00000010   Code   RO         1759    i.HAL_GPIO_ReadPin  stm32f4xx_hal_gpio.o
    0x08001cfc   0x08001cfc   0x0000000c   Code   RO         1761    i.HAL_GPIO_WritePin  stm32f4xx_hal_gpio.o
    0x08001d08   0x08001d08   0x0000000c   Code   RO         2294    i.HAL_GetTick       stm32f4xx_hal.o
    0x08001d14   0x08001d14   0x00000018   Code   RO         2300    i.HAL_IncTick       stm32f4xx_hal.o
    0x08001d2c   0x08001d2c   0x0000003c   Code   RO         2301    i.HAL_Init          stm32f4xx_hal.o
    0x08001d68   0x08001d68   0x0000004c   Code   RO         2302    i.HAL_InitTick      stm32f4xx_hal.o
    0x08001db4   0x08001db4   0x00000048   Code   RO         1093    i.HAL_MspInit       stm32f4xx_hal_msp.o
    0x08001dfc   0x08001dfc   0x00000020   Code   RO         2146    i.HAL_NVIC_EnableIRQ  stm32f4xx_hal_cortex.o
    0x08001e1c   0x08001e1c   0x0000007c   Code   RO         2152    i.HAL_NVIC_SetPriority  stm32f4xx_hal_cortex.o
    0x08001e98   0x08001e98   0x00000028   Code   RO         2153    i.HAL_NVIC_SetPriorityGrouping  stm32f4xx_hal_cortex.o
    0x08001ec0   0x08001ec0   0x00000044   Code   RO         2154    i.HAL_NVIC_SystemReset  stm32f4xx_hal_cortex.o
    0x08001f04   0x08001f04   0x00000184   Code   RO         1358    i.HAL_RCC_ClockConfig  stm32f4xx_hal_rcc.o
    0x08002088   0x08002088   0x0000000c   Code   RO         1363    i.HAL_RCC_GetHCLKFreq  stm32f4xx_hal_rcc.o
    0x08002094   0x08002094   0x00000020   Code   RO         1365    i.HAL_RCC_GetPCLK1Freq  stm32f4xx_hal_rcc.o
    0x080020b4   0x080020b4   0x00000020   Code   RO         1366    i.HAL_RCC_GetPCLK2Freq  stm32f4xx_hal_rcc.o
    0x080020d4   0x080020d4   0x000000b0   Code   RO         1367    i.HAL_RCC_GetSysClockFreq  stm32f4xx_hal_rcc.o
    0x08002184   0x08002184   0x0000049c   Code   RO         1370    i.HAL_RCC_OscConfig  stm32f4xx_hal_rcc.o
    0x08002620   0x08002620   0x00000028   Code   RO         2155    i.HAL_SYSTICK_CLKSourceConfig  stm32f4xx_hal_cortex.o
    0x08002648   0x08002648   0x00000034   Code   RO         2157    i.HAL_SYSTICK_Config  stm32f4xx_hal_cortex.o
    0x0800267c   0x0800267c   0x00000002   Code   RO         3256    i.HAL_TIMEx_BreakCallback  stm32f4xx_hal_tim_ex.o
    0x0800267e   0x0800267e   0x00000002   Code   RO         3257    i.HAL_TIMEx_CommutCallback  stm32f4xx_hal_tim_ex.o
    0x08002680   0x08002680   0x000000b4   Code   RO         3275    i.HAL_TIMEx_MasterConfigSynchronization  stm32f4xx_hal_tim_ex.o
    0x08002734   0x08002734   0x00000066   Code   RO         2541    i.HAL_TIM_Base_Init  stm32f4xx_hal_tim.o
    0x0800279a   0x0800279a   0x00000002   PAD
    0x0800279c   0x0800279c   0x00000048   Code   RO          913    i.HAL_TIM_Base_MspInit  tim.o
    0x080027e4   0x080027e4   0x000000a8   Code   RO         2546    i.HAL_TIM_Base_Start_IT  stm32f4xx_hal_tim.o
    0x0800288c   0x0800288c   0x0000003e   Code   RO         2549    i.HAL_TIM_Base_Stop_IT  stm32f4xx_hal_tim.o
    0x080028ca   0x080028ca   0x0000010c   Code   RO         2550    i.HAL_TIM_ConfigClockSource  stm32f4xx_hal_tim.o
    0x080029d6   0x080029d6   0x00000002   Code   RO         2575    i.HAL_TIM_IC_CaptureCallback  stm32f4xx_hal_tim.o
    0x080029d8   0x080029d8   0x00000196   Code   RO         2589    i.HAL_TIM_IRQHandler  stm32f4xx_hal_tim.o
    0x08002b6e   0x08002b6e   0x00000002   Code   RO         2592    i.HAL_TIM_OC_DelayElapsedCallback  stm32f4xx_hal_tim.o
    0x08002b70   0x08002b70   0x00000002   Code   RO         2619    i.HAL_TIM_PWM_PulseFinishedCallback  stm32f4xx_hal_tim.o
    0x08002b72   0x08002b72   0x00000002   PAD
    0x08002b74   0x08002b74   0x00000034   Code   RO          669    i.HAL_TIM_PeriodElapsedCallback  main.o
    0x08002ba8   0x08002ba8   0x00000002   Code   RO         2632    i.HAL_TIM_TriggerCallback  stm32f4xx_hal_tim.o
    0x08002baa   0x08002baa   0x00000002   Code   RO         3534    i.HAL_UARTEx_RxEventCallback  stm32f4xx_hal_uart.o
    0x08002bac   0x08002bac   0x00000002   Code   RO         3548    i.HAL_UART_ErrorCallback  stm32f4xx_hal_uart.o
    0x08002bae   0x08002bae   0x00000002   PAD
    0x08002bb0   0x08002bb0   0x000002e0   Code   RO         3551    i.HAL_UART_IRQHandler  stm32f4xx_hal_uart.o
    0x08002e90   0x08002e90   0x00000072   Code   RO         3552    i.HAL_UART_Init     stm32f4xx_hal_uart.o
    0x08002f02   0x08002f02   0x00000002   PAD
    0x08002f04   0x08002f04   0x00000184   Code   RO          955    i.HAL_UART_MspInit  usart.o
    0x08003088   0x08003088   0x00000042   Code   RO         3557    i.HAL_UART_Receive_IT  stm32f4xx_hal_uart.o
    0x080030ca   0x080030ca   0x00000002   PAD
    0x080030cc   0x080030cc   0x00000038   Code   RO         4682    i.HAL_UART_RxCpltCallback  hmi_user_uart.o
    0x08003104   0x08003104   0x000000d2   Code   RO         3560    i.HAL_UART_Transmit  stm32f4xx_hal_uart.o
    0x080031d6   0x080031d6   0x00000002   Code   RO         3563    i.HAL_UART_TxCpltCallback  stm32f4xx_hal_uart.o
    0x080031d8   0x080031d8   0x00000004   Code   RO         1016    i.HardFault_Handler  stm32f4xx_it.o
    0x080031dc   0x080031dc   0x0000002c   Code   RO          353    i.IO_Update         ad9959.o
    0x08003208   0x08003208   0x00000024   Code   RO          354    i.Init_AD9959       ad9959.o
    0x0800322c   0x0800322c   0x0000002c   Code   RO          355    i.IntReset          ad9959.o
    0x08003258   0x08003258   0x0000015c   Code   RO          356    i.Intserve          ad9959.o
    0x080033b4   0x080033b4   0x00000030   Code   RO          670    i.Lp_or_Hp          main.o
    0x080033e4   0x080033e4   0x00000088   Code   RO          455    i.MAX262_GPIO_Init  max262.o
    0x0800346c   0x0800346c   0x0000005c   Code   RO          456    i.MAX262_Init       max262.o
    0x080034c8   0x080034c8   0x0000003c   Code   RO          872    i.MX_DAC_Init       dac.o
    0x08003504   0x08003504   0x000001c4   Code   RO          846    i.MX_GPIO_Init      gpio.o
    0x080036c8   0x080036c8   0x0000006c   Code   RO          914    i.MX_TIM4_Init      tim.o
    0x08003734   0x08003734   0x00000038   Code   RO          956    i.MX_USART1_UART_Init  usart.o
    0x0800376c   0x0800376c   0x00000038   Code   RO          957    i.MX_USART2_UART_Init  usart.o
    0x080037a4   0x080037a4   0x00000038   Code   RO          958    i.MX_USART3_UART_Init  usart.o
    0x080037dc   0x080037dc   0x00000004   Code   RO         1017    i.MemManage_Handler  stm32f4xx_it.o
    0x080037e0   0x080037e0   0x00000004   Code   RO         1018    i.NMI_Handler       stm32f4xx_it.o
    0x080037e4   0x080037e4   0x00000020   Code   RO         3927    i.NotifyButton      cmd_process.o
    0x08003804   0x08003804   0x00000006   Code   RO         3928    i.NotifyMenu        cmd_process.o
    0x0800380a   0x0800380a   0x00000002   Code   RO         3929    i.NotifyMeter       cmd_process.o
    0x0800380c   0x0800380c   0x00000002   Code   RO         3930    i.NotifyProgress    cmd_process.o
    0x0800380e   0x0800380e   0x00000002   Code   RO         3931    i.NotifyReadFlash   cmd_process.o
    0x08003810   0x08003810   0x00000008   Code   RO         3932    i.NotifyReadRTC     cmd_process.o
    0x08003818   0x08003818   0x00000002   Code   RO         3933    i.NotifyScreen      cmd_process.o
    0x0800381a   0x0800381a   0x00000002   PAD
    0x0800381c   0x0800381c   0x00000034   Code   RO         3934    i.NotifySelector    cmd_process.o
    0x08003850   0x08003850   0x00000002   Code   RO         3935    i.NotifySlider      cmd_process.o
    0x08003852   0x08003852   0x00000002   PAD
    0x08003854   0x08003854   0x00000084   Code   RO         3936    i.NotifyText        cmd_process.o
    0x080038d8   0x080038d8   0x00000002   Code   RO         3937    i.NotifyTimer       cmd_process.o
    0x080038da   0x080038da   0x00000002   Code   RO         3938    i.NotifyTouchXY     cmd_process.o
    0x080038dc   0x080038dc   0x00000002   Code   RO         3939    i.NotifyWriteFlash  cmd_process.o
    0x080038de   0x080038de   0x00000002   PAD
    0x080038e0   0x080038e0   0x0000002c   Code   RO          671    i.Out_LpHp_or_epl   main.o
    0x0800390c   0x0800390c   0x00000068   Code   RO          357    i.Out_freq          ad9959.o
    0x08003974   0x08003974   0x0000001c   Code   RO         4683    i.Param_Update      hmi_user_uart.o
    0x08003990   0x08003990   0x00000002   Code   RO         1019    i.PendSV_Handler    stm32f4xx_it.o
    0x08003992   0x08003992   0x00000002   PAD
    0x08003994   0x08003994   0x000001a8   Code   RO         3940    i.ProcessMessage    cmd_process.o
    0x08003b3c   0x08003b3c   0x00000024   Code   RO          457    i.Qn1               max262.o
    0x08003b60   0x08003b60   0x00000002   Code   RO         1020    i.SVC_Handler       stm32f4xx_it.o
    0x08003b62   0x08003b62   0x00000002   PAD
    0x08003b64   0x08003b64   0x00000018   Code   RO         4684    i.SendChar          hmi_user_uart.o
    0x08003b7c   0x08003b7c   0x0000001a   Code   RO         4184    i.SendNU8           hmi_driver.o
    0x08003b96   0x08003b96   0x00000016   Code   RO         4185    i.SendStrings       hmi_driver.o
    0x08003bac   0x08003bac   0x00000052   Code   RO         4208    i.SetTextValue      hmi_driver.o
    0x08003bfe   0x08003bfe   0x00000002   PAD
    0x08003c00   0x08003c00   0x0000004c   Code   RO         3942    i.SetTextValueFloat  cmd_process.o
    0x08003c4c   0x08003c4c   0x00000010   Code   RO          551    i.Set_CH_Range_Select  ads8688.o
    0x08003c5c   0x08003c5c   0x0000002c   Code   RO          672    i.Signal_or_Sweep   main.o
    0x08003c88   0x08003c88   0x00000058   Code   RO          673    i.Sweep_Freq        main.o
    0x08003ce0   0x08003ce0   0x00000008   Code   RO         1021    i.SysTick_Handler   stm32f4xx_it.o
    0x08003ce8   0x08003ce8   0x000000b4   Code   RO          674    i.SystemClock_Config  main.o
    0x08003d9c   0x08003d9c   0x00000014   Code   RO         3891    i.SystemInit        system_stm32f4xx.o
    0x08003db0   0x08003db0   0x0000001c   Code   RO         4685    i.TFT_Init          hmi_user_uart.o
    0x08003dcc   0x08003dcc   0x00000010   Code   RO         1022    i.TIM4_IRQHandler   stm32f4xx_it.o
    0x08003ddc   0x08003ddc   0x000000d8   Code   RO         2634    i.TIM_Base_SetConfig  stm32f4xx_hal_tim.o
    0x08003eb4   0x08003eb4   0x00000016   Code   RO         2645    i.TIM_ETR_SetConfig  stm32f4xx_hal_tim.o
    0x08003eca   0x08003eca   0x00000012   Code   RO         2646    i.TIM_ITRx_SetConfig  stm32f4xx_hal_tim.o
    0x08003edc   0x08003edc   0x00000026   Code   RO         2652    i.TIM_TI1_ConfigInputStage  stm32f4xx_hal_tim.o
    0x08003f02   0x08003f02   0x00000028   Code   RO         2654    i.TIM_TI2_ConfigInputStage  stm32f4xx_hal_tim.o
    0x08003f2a   0x08003f2a   0x00000002   PAD
    0x08003f2c   0x08003f2c   0x0000002c   Code   RO          675    i.Test_or_Next      main.o
    0x08003f58   0x08003f58   0x00000014   Code   RO         3565    i.UART_DMAAbortOnError  stm32f4xx_hal_uart.o
    0x08003f6c   0x08003f6c   0x0000006c   Code   RO         3575    i.UART_EndRxTransfer  stm32f4xx_hal_uart.o
    0x08003fd8   0x08003fd8   0x00000020   Code   RO         3576    i.UART_EndTransmit_IT  stm32f4xx_hal_uart.o
    0x08003ff8   0x08003ff8   0x000000f8   Code   RO         3578    i.UART_Receive_IT   stm32f4xx_hal_uart.o
    0x080040f0   0x080040f0   0x0000022c   Code   RO         3579    i.UART_SetConfig    stm32f4xx_hal_uart.o
    0x0800431c   0x0800431c   0x0000004a   Code   RO         3581    i.UART_Start_Receive_IT  stm32f4xx_hal_uart.o
    0x08004366   0x08004366   0x00000060   Code   RO         3582    i.UART_Transmit_IT  stm32f4xx_hal_uart.o
    0x080043c6   0x080043c6   0x00000092   Code   RO         3583    i.UART_WaitOnFlagUntilTimeout  stm32f4xx_hal_uart.o
    0x08004458   0x08004458   0x0000001c   Code   RO         4686    i.USART2_IRQHandler  hmi_user_uart.o
    0x08004474   0x08004474   0x00000004   Code   RO         1023    i.UsageFault_Handler  stm32f4xx_it.o
    0x08004478   0x08004478   0x000000d0   Code   RO          359    i.WriteData_AD9959  ad9959.o
    0x08004548   0x08004548   0x000000a0   Code   RO          360    i.Write_Amplitude   ad9959.o
    0x080045e8   0x080045e8   0x000000dc   Code   RO          362    i.Write_frequence   ad9959.o
    0x080046c4   0x080046c4   0x00000034   Code   RO         5434    i.__0snprintf       mc_w.l(printfa.o)
    0x080046f8   0x080046f8   0x00000010   Code   RO         2159    i.__NVIC_GetPriorityGrouping  stm32f4xx_hal_cortex.o
    0x08004708   0x08004708   0x00000028   Code   RO         2160    i.__NVIC_SetPriority  stm32f4xx_hal_cortex.o
    0x08004730   0x08004730   0x00000038   Code   RO         5139    i.__hardfp_atof     m_wm.l(atof.o)
    0x08004768   0x08004768   0x0000000c   Code   RO         5559    i.__read_errno      mc_w.l(errno.o)
    0x08004774   0x08004774   0x0000000e   Code   RO         5607    i.__scatterload_copy  mc_w.l(handlers.o)
    0x08004782   0x08004782   0x00000002   Code   RO         5608    i.__scatterload_null  mc_w.l(handlers.o)
    0x08004784   0x08004784   0x0000000e   Code   RO         5609    i.__scatterload_zeroinit  mc_w.l(handlers.o)
    0x08004792   0x08004792   0x00000002   PAD
    0x08004794   0x08004794   0x0000000c   Code   RO         5560    i.__set_errno       mc_w.l(errno.o)
    0x080047a0   0x080047a0   0x00000184   Code   RO         5440    i._fp_digits        mc_w.l(printfa.o)
    0x08004924   0x08004924   0x0000000e   Code   RO         5596    i._is_digit         mc_w.l(scanf_fp.o)
    0x08004932   0x08004932   0x00000002   PAD
    0x08004934   0x08004934   0x000006b4   Code   RO         5441    i._printf_core      mc_w.l(printfa.o)
    0x08004fe8   0x08004fe8   0x00000024   Code   RO         5442    i._printf_post_padding  mc_w.l(printfa.o)
    0x0800500c   0x0800500c   0x0000002e   Code   RO         5443    i._printf_pre_padding  mc_w.l(printfa.o)
    0x0800503a   0x0800503a   0x00000016   Code   RO         5444    i._snputc           mc_w.l(printfa.o)
    0x08005050   0x08005050   0x00000068   Code   RO          301    i.bee               wifi.o
    0x080050b8   0x080050b8   0x0000002c   Code   RO          677    i.ctrl_amplifier    main.o
    0x080050e4   0x080050e4   0x00000012   Code   RO          363    i.dds_delay         ad9959.o
    0x080050f6   0x080050f6   0x00000002   PAD
    0x080050f8   0x080050f8   0x00000014   Code   RO           13    i.delay_init        base.o
    0x0800510c   0x0800510c   0x00000018   Code   RO           14    i.delay_ms          base.o
    0x08005124   0x08005124   0x0000000c   Code   RO           15    i.delay_ns          base.o
    0x08005130   0x08005130   0x00000048   Code   RO           16    i.delay_us          base.o
    0x08005178   0x08005178   0x00000054   Code   RO          678    i.getAD_allch       main.o
    0x080051cc   0x080051cc   0x00000048   Code   RO          679    i.get_AD_result     main.o
    0x08005214   0x08005214   0x000000a8   Code   RO          680    i.main              main.o
    0x080052bc   0x080052bc   0x00000084   Code   RO         4090    i.queue_find_cmd    cmd_queue.o
    0x08005340   0x08005340   0x00000034   Code   RO         4091    i.queue_pop         cmd_queue.o
    0x08005374   0x08005374   0x00000030   Code   RO         4092    i.queue_push        cmd_queue.o
    0x080053a4   0x080053a4   0x00000020   Code   RO         4093    i.queue_reset       cmd_queue.o
    0x080053c4   0x080053c4   0x00000024   Code   RO         4094    i.queue_size        cmd_queue.o
    0x080053e8   0x080053e8   0x00000078   Code   RO          681    i.setCutoff         main.o
    0x08005460   0x08005460   0x00000038   Code   RO          682    i.setFilterMode     main.o
    0x08005498   0x08005498   0x000000ec   Code   RO          683    i.showGraph         main.o
    0x08005584   0x08005584   0x00000008   Code   RO          684    i.softReset         main.o
    0x0800558c   0x0800558c   0x00000018   Data   RO         3892    .constdata          system_stm32f4xx.o
    0x080055a4   0x080055a4   0x00000040   Data   RO         5601    .constdata          mc_w.l(ctype_c.o)
    0x080055e4   0x080055e4   0x00000020   Data   RO         5605    Region$$Table       anon$$obj.o


    Execution Region RW_IRAM1 (Exec base: 0x20000000, Load base: 0x08005604, Size: 0x000012b8, Max: 0x0001c000, ABSOLUTE, COMPRESSED[0x000002d0])

    Exec Addr    Load Addr    Size         Type   Attr      Idx    E Section Name        Object

    0x20000000   COMPRESSED   0x00000001   Data   RW           17    .data               base.o
    0x20000001   COMPRESSED   0x00000003   PAD
    0x20000004   COMPRESSED   0x00000204   Data   RW          365    .data               ad9959.o
    0x20000208   COMPRESSED   0x000000f8   Data   RW          686    .data               main.o
    0x20000300   COMPRESSED   0x00000009   Data   RW         2308    .data               stm32f4xx_hal.o
    0x20000309   COMPRESSED   0x00000003   PAD
    0x2000030c   COMPRESSED   0x00000004   Data   RW         3893    .data               system_stm32f4xx.o
    0x20000310   COMPRESSED   0x00000008   Data   RW         3946    .data               cmd_process.o
    0x20000318   COMPRESSED   0x00000006   Data   RW         4096    .data               cmd_queue.o
    0x2000031e   COMPRESSED   0x00000001   Data   RW         4688    .data               hmi_user_uart.o
    0x2000031f   COMPRESSED   0x00000001   PAD
    0x20000320   COMPRESSED   0x00000004   Data   RW         5561    .data               mc_w.l(errno.o)
    0x20000324        -       0x00000014   Zero   RW          364    .bss                ad9959.o
    0x20000338        -       0x00000415   Zero   RW          685    .bss                main.o
    0x2000074d   COMPRESSED   0x00000003   PAD
    0x20000750        -       0x00000014   Zero   RW          873    .bss                dac.o
    0x20000764        -       0x00000048   Zero   RW          915    .bss                tim.o
    0x200007ac        -       0x000000cc   Zero   RW          960    .bss                usart.o
    0x20000878        -       0x00000035   Zero   RW         3945    .bss                cmd_process.o
    0x200008ad   COMPRESSED   0x00000001   PAD
    0x200008ae        -       0x00000204   Zero   RW         4095    .bss                cmd_queue.o
    0x20000ab2   COMPRESSED   0x00000006   PAD
    0x20000ab8        -       0x00000800   Zero   RW            1    STACK               startup_stm32f407xx.o


    Execution Region RW_IRAM2 (Exec base: 0x2001c000, Load base: 0x080058d4, Size: 0x00000000, Max: 0x00004000, ABSOLUTE)

    **** No section assigned to this execution region ****


==============================================================================

Image component sizes


      Code (inc. data)   RO Data    RW Data    ZI Data      Debug   Object Name

      1182        124          0        516         20       7978   ad9959.o
       532         38          0          0          0       6355   ads8688.o
       128          8          0          1          0     698726   base.o
       746         42          0          8         53      13047   cmd_process.o
       300         38          0          6        516       3388   cmd_queue.o
       188         22          0          0         20       1671   dac.o
         0          0          0          0          0      13376   fft.o
       452         24          0          0          0       1195   gpio.o
       322          0          0          0          0       3461   hmi_driver.o
       164         42          0          1          0       3389   hmi_user_uart.o
      1434        184          0        248       1045      11219   main.o
      1752         94          0          0          0       5881   max262.o
        36          8        392          0       2048        836   startup_stm32f407xx.o
       212         36          0          9          0       9385   stm32f4xx_hal.o
       412         30          0          0          0      35680   stm32f4xx_hal_cortex.o
       302          0          0          0          0       3450   stm32f4xx_hal_dac.o
       212          0          0          0          0       1951   stm32f4xx_hal_dma.o
       528         46          0          0          0       2779   stm32f4xx_hal_gpio.o
        72          4          0          0          0        854   stm32f4xx_hal_msp.o
      1820         84          0          0          0       5608   stm32f4xx_hal_rcc.o
      1348         76          0          0          0      10282   stm32f4xx_hal_tim.o
       184         30          0          0          0       2485   stm32f4xx_hal_tim_ex.o
      2412         14          0          0          0      12556   stm32f4xx_hal_uart.o
        50          6          0          0          0       4692   stm32f4xx_it.o
        20          6         24          4          0       1127   system_stm32f4xx.o
       180         18          0          0         72       1682   tim.o
       556         56          0          0        204       3128   usart.o
       104          8          0          0          0        986   wifi.o

    ----------------------------------------------------------------------
     15676       1038        448        800       3988     867167   Object Totals
         0          0         32          0          0          0   (incl. Generated)
        28          0          0          7         10          0   (incl. Padding)

    ----------------------------------------------------------------------

      Code (inc. data)   RO Data    RW Data    ZI Data      Debug   Library Member Name

       216          0          0          0          0       1742   arm_max_f32.o
       144          6          0          0          0        955   arm_mean_f32.o
       152          0          0          0          0      17508   arm_scale_f32.o
        56         12          0          0          0        132   atof.o
        86          0          0          0          0          0   __dczerorl2.o
        64          0          0          0          0         84   _sgetc.o
        40          6         64          0          0         68   ctype_c.o
         0          0          0          0          0          0   entry.o
         0          0          0          0          0          0   entry10a.o
         0          0          0          0          0          0   entry11a.o
         4          0          0          0          0          0   entry12b.o
         8          4          0          0          0          0   entry2.o
         4          0          0          0          0          0   entry5.o
         0          0          0          0          0          0   entry7b.o
         0          0          0          0          0          0   entry8b.o
         8          4          0          0          0          0   entry9a.o
        24         12          0          4          0        136   errno.o
        30          0          0          0          0          0   handlers.o
        36          8          0          0          0         68   init.o
        10          0          0          0          0         68   isspace_c.o
         0          0          0          0          0          0   iusefp.o
        30          0          0          0          0         68   llshl.o
        36          0          0          0          0         68   llsshr.o
        32          0          0          0          0         68   llushr.o
        36          0          0          0          0        108   memseta.o
      2260         84          0          0          0        536   printfa.o
       878         12          0          0          0        216   scanf_fp.o
       156         12          0          0          0        120   strtod.o
        44          0          0          0          0         80   uidiv.o
        98          0          0          0          0         92   uldiv.o
        48          0          0          0          0         68   cdrcmple.o
        56          0          0          0          0         88   d2f.o
       334          0          0          0          0        148   dadd.o
       222          0          0          0          0        100   ddiv.o
       186          0          0          0          0        176   depilogue.o
        50          0          0          0          0         76   dfixui.o
        48          0          0          0          0         68   dfixul.o
        26          0          0          0          0         76   dfltui.o
        24          0          0          0          0         76   dfltul.o
       228          0          0          0          0         96   dmul.o
        38          0          0          0          0         68   f2d.o
       110          0          0          0          0        168   fepilogue.o

    ----------------------------------------------------------------------
      5832        160         64          4          0      23325   Library Totals
        10          0          0          0          0          0   (incl. Padding)

    ----------------------------------------------------------------------

      Code (inc. data)   RO Data    RW Data    ZI Data      Debug   Library Name

       512          6          0          0          0      20205   arm_cortexM4lf_math.lib
        56         12          0          0          0        132   m_wm.l
      3884        142         64          4          0       1780   mc_w.l
      1370          0          0          0          0       1208   mf_w.l

    ----------------------------------------------------------------------
      5832        160         64          4          0      23325   Library Totals

    ----------------------------------------------------------------------

==============================================================================


      Code (inc. data)   RO Data    RW Data    ZI Data      Debug   

     21508       1198        512        804       3988     873868   Grand Totals
     21508       1198        512        720       3988     873868   ELF Image Totals (compressed)
     21508       1198        512        720          0          0   ROM Totals

==============================================================================

    Total RO  Size (Code + RO Data)                22020 (  21.50kB)
    Total RW  Size (RW Data + ZI Data)              4792 (   4.68kB)
    Total ROM Size (Code + RO Data + RW Data)      22740 (  22.21kB)

==============================================================================

